/home/runner/work/raptor/raptor/lib/raptor/server.rb:134: warning: Ractor API is experimental and may change in future versions of Ruby.
#<Thread:0x0000ffbe4badad68 run> terminated with exception (report_on_exception is true):
/home/runner/work/raptor/raptor/lib/raptor/response.rb:35:in 'IO#write': Broken pipe (Errno::EPIPE)
	from /home/runner/work/raptor/raptor/lib/raptor/response.rb:35:in 'Raptor::ResponseWriter.write'
	from /home/runner/work/raptor/raptor/lib/raptor/worker.rb:87:in 'block in Raptor::Worker#handle_client'
	from /home/runner/work/raptor/raptor/lib/raptor/worker.rb:70:in 'Kernel#loop'
	from /home/runner/work/raptor/raptor/lib/raptor/worker.rb:70:in 'Raptor::Worker#handle_client'
	from /home/runner/work/raptor/raptor/lib/raptor/worker.rb:62:in 'block in Raptor::Worker#accept_available'
	from /home/runner/work/raptor/raptor/lib/raptor/worker.rb:58:in 'Kernel#loop'
	from /home/runner/work/raptor/raptor/lib/raptor/worker.rb:58:in 'Raptor::Worker#accept_available'
	from /home/runner/work/raptor/raptor/lib/raptor/worker.rb:39:in 'block (2 levels) in Raptor::Worker#run'
	from /home/runner/work/raptor/raptor/lib/raptor/worker.rb:36:in 'Array#each'
	from /home/runner/work/raptor/raptor/lib/raptor/worker.rb:36:in 'block in Raptor::Worker#run'
	from /home/runner/work/raptor/raptor/lib/raptor/worker.rb:29:in 'Kernel#loop'
	from /home/runner/work/raptor/raptor/lib/raptor/worker.rb:29:in 'Raptor::Worker#run'
	from /home/runner/work/raptor/raptor/lib/raptor/worker.rb:14:in 'Raptor::Worker.run'
	from /home/runner/work/raptor/raptor/lib/raptor/server.rb:136:in 'block in Raptor::Server#start_worker'
/home/runner/work/raptor/raptor/lib/raptor/response.rb:39:in 'IO#write': Broken pipe (Errno::EPIPE)
	from /home/runner/work/raptor/raptor/lib/raptor/response.rb:39:in 'block in Raptor::ResponseWriter.write'
	from /home/runner/work/raptor/raptor/lib/raptor/response.rb:36:in 'Hash#each'
	from /home/runner/work/raptor/raptor/lib/raptor/response.rb:36:in 'Raptor::ResponseWriter.write'
	from /home/runner/work/raptor/raptor/lib/raptor/worker.rb:77:in 'block in Raptor::Worker#handle_client'
	from /home/runner/work/raptor/raptor/lib/raptor/worker.rb:70:in 'Kernel#loop'
	from /home/runner/work/raptor/raptor/lib/raptor/worker.rb:70:in 'Raptor::Worker#handle_client'
	from /home/runner/work/raptor/raptor/lib/raptor/worker.rb:62:in 'block in Raptor::Worker#accept_available'
	from /home/runner/work/raptor/raptor/lib/raptor/worker.rb:58:in 'Kernel#loop'
	from /home/runner/work/raptor/raptor/lib/raptor/worker.rb:58:in 'Raptor::Worker#accept_available'
	from /home/runner/work/raptor/raptor/lib/raptor/worker.rb:39:in 'block (2 levels) in Raptor::Worker#run'
	from /home/runner/work/raptor/raptor/lib/raptor/worker.rb:36:in 'Array#each'
	from /home/runner/work/raptor/raptor/lib/raptor/worker.rb:36:in 'block in Raptor::Worker#run'
	from /home/runner/work/raptor/raptor/lib/raptor/worker.rb:29:in 'Kernel#loop'
	from /home/runner/work/raptor/raptor/lib/raptor/worker.rb:29:in 'Raptor::Worker#run'
	from /home/runner/work/raptor/raptor/lib/raptor/worker.rb:14:in 'Raptor::Worker.run'
	from /home/runner/work/raptor/raptor/lib/raptor/server.rb:136:in 'block in Raptor::Server#start_worker'
#<Thread:0x0000ffbe4b7eedc0 run> terminated with exception (report_on_exception is true):
/home/runner/work/raptor/raptor/lib/raptor/response.rb:35:in 'IO#write': Broken pipe (Errno::EPIPE)
	from /home/runner/work/raptor/raptor/lib/raptor/response.rb:35:in 'Raptor::ResponseWriter.write'
	from /home/runner/work/raptor/raptor/lib/raptor/worker.rb:87:in 'block in Raptor::Worker#handle_client'
	from /home/runner/work/raptor/raptor/lib/raptor/worker.rb:70:in 'Kernel#loop'
	from /home/runner/work/raptor/raptor/lib/raptor/worker.rb:70:in 'Raptor::Worker#handle_client'
	from /home/runner/work/raptor/raptor/lib/raptor/worker.rb:62:in 'block in Raptor::Worker#accept_available'
	from /home/runner/work/raptor/raptor/lib/raptor/worker.rb:58:in 'Kernel#loop'
	from /home/runner/work/raptor/raptor/lib/raptor/worker.rb:58:in 'Raptor::Worker#accept_available'
	from /home/runner/work/raptor/raptor/lib/raptor/worker.rb:39:in 'block (2 levels) in Raptor::Worker#run'
	from /home/runner/work/raptor/raptor/lib/raptor/worker.rb:36:in 'Array#each'
	from /home/runner/work/raptor/raptor/lib/raptor/worker.rb:36:in 'block in Raptor::Worker#run'
	from /home/runner/work/raptor/raptor/lib/raptor/worker.rb:29:in 'Kernel#loop'
	from /home/runner/work/raptor/raptor/lib/raptor/worker.rb:29:in 'Raptor::Worker#run'
	from /home/runner/work/raptor/raptor/lib/raptor/worker.rb:14:in 'Raptor::Worker.run'
	from /home/runner/work/raptor/raptor/lib/raptor/server.rb:136:in 'block in Raptor::Server#start_worker'
/home/runner/work/raptor/raptor/lib/raptor/response.rb:39:in 'IO#write': Broken pipe (Errno::EPIPE)
	from /home/runner/work/raptor/raptor/lib/raptor/response.rb:39:in 'block in Raptor::ResponseWriter.write'
	from /home/runner/work/raptor/raptor/lib/raptor/response.rb:36:in 'Hash#each'
	from /home/runner/work/raptor/raptor/lib/raptor/response.rb:36:in 'Raptor::ResponseWriter.write'
	from /home/runner/work/raptor/raptor/lib/raptor/worker.rb:77:in 'block in Raptor::Worker#handle_client'
	from /home/runner/work/raptor/raptor/lib/raptor/worker.rb:70:in 'Kernel#loop'
	from /home/runner/work/raptor/raptor/lib/raptor/worker.rb:70:in 'Raptor::Worker#handle_client'
	from /home/runner/work/raptor/raptor/lib/raptor/worker.rb:62:in 'block in Raptor::Worker#accept_available'
	from /home/runner/work/raptor/raptor/lib/raptor/worker.rb:58:in 'Kernel#loop'
	from /home/runner/work/raptor/raptor/lib/raptor/worker.rb:58:in 'Raptor::Worker#accept_available'
	from /home/runner/work/raptor/raptor/lib/raptor/worker.rb:39:in 'block (2 levels) in Raptor::Worker#run'
	from /home/runner/work/raptor/raptor/lib/raptor/worker.rb:36:in 'Array#each'
	from /home/runner/work/raptor/raptor/lib/raptor/worker.rb:36:in 'block in Raptor::Worker#run'
	from /home/runner/work/raptor/raptor/lib/raptor/worker.rb:29:in 'Kernel#loop'
	from /home/runner/work/raptor/raptor/lib/raptor/worker.rb:29:in 'Raptor::Worker#run'
	from /home/runner/work/raptor/raptor/lib/raptor/worker.rb:14:in 'Raptor::Worker.run'
	from /home/runner/work/raptor/raptor/lib/raptor/server.rb:136:in 'block in Raptor::Server#start_worker'
#<Thread:0x0000ffbe4b7e55e0 run> terminated with exception (report_on_exception is true):
/home/runner/work/raptor/raptor/lib/raptor/response.rb:35:in 'IO#write': Broken pipe (Errno::EPIPE)
	from /home/runner/work/raptor/raptor/lib/raptor/response.rb:35:in 'Raptor::ResponseWriter.write'
	from /home/runner/work/raptor/raptor/lib/raptor/worker.rb:87:in 'block in Raptor::Worker#handle_client'
	from /home/runner/work/raptor/raptor/lib/raptor/worker.rb:70:in 'Kernel#loop'
	from /home/runner/work/raptor/raptor/lib/raptor/worker.rb:70:in 'Raptor::Worker#handle_client'
	from /home/runner/work/raptor/raptor/lib/raptor/worker.rb:62:in 'block in Raptor::Worker#accept_available'
	from /home/runner/work/raptor/raptor/lib/raptor/worker.rb:58:in 'Kernel#loop'
	from /home/runner/work/raptor/raptor/lib/raptor/worker.rb:58:in 'Raptor::Worker#accept_available'
	from /home/runner/work/raptor/raptor/lib/raptor/worker.rb:39:in 'block (2 levels) in Raptor::Worker#run'
	from /home/runner/work/raptor/raptor/lib/raptor/worker.rb:36:in 'Array#each'
	from /home/runner/work/raptor/raptor/lib/raptor/worker.rb:36:in 'block in Raptor::Worker#run'
	from /home/runner/work/raptor/raptor/lib/raptor/worker.rb:29:in 'Kernel#loop'
	from /home/runner/work/raptor/raptor/lib/raptor/worker.rb:29:in 'Raptor::Worker#run'
	from /home/runner/work/raptor/raptor/lib/raptor/worker.rb:14:in 'Raptor::Worker.run'
	from /home/runner/work/raptor/raptor/lib/raptor/server.rb:136:in 'block in Raptor::Server#start_worker'
/home/runner/work/raptor/raptor/lib/raptor/response.rb:39:in 'IO#write': Broken pipe (Errno::EPIPE)
	from /home/runner/work/raptor/raptor/lib/raptor/response.rb:39:in 'block in Raptor::ResponseWriter.write'
	from /home/runner/work/raptor/raptor/lib/raptor/response.rb:36:in 'Hash#each'
	from /home/runner/work/raptor/raptor/lib/raptor/response.rb:36:in 'Raptor::ResponseWriter.write'
	from /home/runner/work/raptor/raptor/lib/raptor/worker.rb:77:in 'block in Raptor::Worker#handle_client'
	from /home/runner/work/raptor/raptor/lib/raptor/worker.rb:70:in 'Kernel#loop'
	from /home/runner/work/raptor/raptor/lib/raptor/worker.rb:70:in 'Raptor::Worker#handle_client'
	from /home/runner/work/raptor/raptor/lib/raptor/worker.rb:62:in 'block in Raptor::Worker#accept_available'
	from /home/runner/work/raptor/raptor/lib/raptor/worker.rb:58:in 'Kernel#loop'
	from /home/runner/work/raptor/raptor/lib/raptor/worker.rb:58:in 'Raptor::Worker#accept_available'
	from /home/runner/work/raptor/raptor/lib/raptor/worker.rb:39:in 'block (2 levels) in Raptor::Worker#run'
	from /home/runner/work/raptor/raptor/lib/raptor/worker.rb:36:in 'Array#each'
	from /home/runner/work/raptor/raptor/lib/raptor/worker.rb:36:in 'block in Raptor::Worker#run'
	from /home/runner/work/raptor/raptor/lib/raptor/worker.rb:29:in 'Kernel#loop'
	from /home/runner/work/raptor/raptor/lib/raptor/worker.rb:29:in 'Raptor::Worker#run'
	from /home/runner/work/raptor/raptor/lib/raptor/worker.rb:14:in 'Raptor::Worker.run'
	from /home/runner/work/raptor/raptor/lib/raptor/server.rb:136:in 'block in Raptor::Server#start_worker'
#<Thread:0x0000ffbe4b7eab08 run> terminated with exception (report_on_exception is true):
/home/runner/work/raptor/raptor/lib/raptor/response.rb:35:in 'IO#write': Broken pipe (Errno::EPIPE)
	from /home/runner/work/raptor/raptor/lib/raptor/response.rb:35:in 'Raptor::ResponseWriter.write'
	from /home/runner/work/raptor/raptor/lib/raptor/worker.rb:87:in 'block in Raptor::Worker#handle_client'
	from /home/runner/work/raptor/raptor/lib/raptor/worker.rb:70:in 'Kernel#loop'
	from /home/runner/work/raptor/raptor/lib/raptor/worker.rb:70:in 'Raptor::Worker#handle_client'
	from /home/runner/work/raptor/raptor/lib/raptor/worker.rb:62:in 'block in Raptor::Worker#accept_available'
	from /home/runner/work/raptor/raptor/lib/raptor/worker.rb:58:in 'Kernel#loop'
	from /home/runner/work/raptor/raptor/lib/raptor/worker.rb:58:in 'Raptor::Worker#accept_available'
	from /home/runner/work/raptor/raptor/lib/raptor/worker.rb:39:in 'block (2 levels) in Raptor::Worker#run'
	from /home/runner/work/raptor/raptor/lib/raptor/worker.rb:36:in 'Array#each'
	from /home/runner/work/raptor/raptor/lib/raptor/worker.rb:36:in 'block in Raptor::Worker#run'
	from /home/runner/work/raptor/raptor/lib/raptor/worker.rb:29:in 'Kernel#loop'
	from /home/runner/work/raptor/raptor/lib/raptor/worker.rb:29:in 'Raptor::Worker#run'
	from /home/runner/work/raptor/raptor/lib/raptor/worker.rb:14:in 'Raptor::Worker.run'
	from /home/runner/work/raptor/raptor/lib/raptor/server.rb:136:in 'block in Raptor::Server#start_worker'
/home/runner/work/raptor/raptor/lib/raptor/response.rb:39:in 'IO#write': Broken pipe (Errno::EPIPE)
	from /home/runner/work/raptor/raptor/lib/raptor/response.rb:39:in 'block in Raptor::ResponseWriter.write'
	from /home/runner/work/raptor/raptor/lib/raptor/response.rb:36:in 'Hash#each'
	from /home/runner/work/raptor/raptor/lib/raptor/response.rb:36:in 'Raptor::ResponseWriter.write'
	from /home/runner/work/raptor/raptor/lib/raptor/worker.rb:77:in 'block in Raptor::Worker#handle_client'
	from /home/runner/work/raptor/raptor/lib/raptor/worker.rb:70:in 'Kernel#loop'
	from /home/runner/work/raptor/raptor/lib/raptor/worker.rb:70:in 'Raptor::Worker#handle_client'
	from /home/runner/work/raptor/raptor/lib/raptor/worker.rb:62:in 'block in Raptor::Worker#accept_available'
	from /home/runner/work/raptor/raptor/lib/raptor/worker.rb:58:in 'Kernel#loop'
	from /home/runner/work/raptor/raptor/lib/raptor/worker.rb:58:in 'Raptor::Worker#accept_available'
	from /home/runner/work/raptor/raptor/lib/raptor/worker.rb:39:in 'block (2 levels) in Raptor::Worker#run'
	from /home/runner/work/raptor/raptor/lib/raptor/worker.rb:36:in 'Array#each'
	from /home/runner/work/raptor/raptor/lib/raptor/worker.rb:36:in 'block in Raptor::Worker#run'
	from /home/runner/work/raptor/raptor/lib/raptor/worker.rb:29:in 'Kernel#loop'
	from /home/runner/work/raptor/raptor/lib/raptor/worker.rb:29:in 'Raptor::Worker#run'
	from /home/runner/work/raptor/raptor/lib/raptor/worker.rb:14:in 'Raptor::Worker.run'
	from /home/runner/work/raptor/raptor/lib/raptor/server.rb:136:in 'block in Raptor::Server#start_worker'
#<Thread:0x0000ffbe4b7e8e20 run> terminated with exception (report_on_exception is true):
/home/runner/work/raptor/raptor/lib/raptor/response.rb:35:in 'IO#write': Broken pipe (Errno::EPIPE)
	from /home/runner/work/raptor/raptor/lib/raptor/response.rb:35:in 'Raptor::ResponseWriter.write'
	from /home/runner/work/raptor/raptor/lib/raptor/worker.rb:87:in 'block in Raptor::Worker#handle_client'
	from /home/runner/work/raptor/raptor/lib/raptor/worker.rb:70:in 'Kernel#loop'
	from /home/runner/work/raptor/raptor/lib/raptor/worker.rb:70:in 'Raptor::Worker#handle_client'
	from /home/runner/work/raptor/raptor/lib/raptor/worker.rb:62:in 'block in Raptor::Worker#accept_available'
	from /home/runner/work/raptor/raptor/lib/raptor/worker.rb:58:in 'Kernel#loop'
	from /home/runner/work/raptor/raptor/lib/raptor/worker.rb:58:in 'Raptor::Worker#accept_available'
	from /home/runner/work/raptor/raptor/lib/raptor/worker.rb:39:in 'block (2 levels) in Raptor::Worker#run'
	from /home/runner/work/raptor/raptor/lib/raptor/worker.rb:36:in 'Array#each'
	from /home/runner/work/raptor/raptor/lib/raptor/worker.rb:36:in 'block in Raptor::Worker#run'
	from /home/runner/work/raptor/raptor/lib/raptor/worker.rb:29:in 'Kernel#loop'
	from /home/runner/work/raptor/raptor/lib/raptor/worker.rb:29:in 'Raptor::Worker#run'
	from /home/runner/work/raptor/raptor/lib/raptor/worker.rb:14:in 'Raptor::Worker.run'
	from /home/runner/work/raptor/raptor/lib/raptor/server.rb:136:in 'block in Raptor::Server#start_worker'
/home/runner/work/raptor/raptor/lib/raptor/response.rb:39:in 'IO#write': Broken pipe (Errno::EPIPE)
	from /home/runner/work/raptor/raptor/lib/raptor/response.rb:39:in 'block in Raptor::ResponseWriter.write'
	from /home/runner/work/raptor/raptor/lib/raptor/response.rb:36:in 'Hash#each'
	from /home/runner/work/raptor/raptor/lib/raptor/response.rb:36:in 'Raptor::ResponseWriter.write'
	from /home/runner/work/raptor/raptor/lib/raptor/worker.rb:77:in 'block in Raptor::Worker#handle_client'
	from /home/runner/work/raptor/raptor/lib/raptor/worker.rb:70:in 'Kernel#loop'
	from /home/runner/work/raptor/raptor/lib/raptor/worker.rb:70:in 'Raptor::Worker#handle_client'
	from /home/runner/work/raptor/raptor/lib/raptor/worker.rb:62:in 'block in Raptor::Worker#accept_available'
	from /home/runner/work/raptor/raptor/lib/raptor/worker.rb:58:in 'Kernel#loop'
	from /home/runner/work/raptor/raptor/lib/raptor/worker.rb:58:in 'Raptor::Worker#accept_available'
	from /home/runner/work/raptor/raptor/lib/raptor/worker.rb:39:in 'block (2 levels) in Raptor::Worker#run'
	from /home/runner/work/raptor/raptor/lib/raptor/worker.rb:36:in 'Array#each'
	from /home/runner/work/raptor/raptor/lib/raptor/worker.rb:36:in 'block in Raptor::Worker#run'
	from /home/runner/work/raptor/raptor/lib/raptor/worker.rb:29:in 'Kernel#loop'
	from /home/runner/work/raptor/raptor/lib/raptor/worker.rb:29:in 'Raptor::Worker#run'
	from /home/runner/work/raptor/raptor/lib/raptor/worker.rb:14:in 'Raptor::Worker.run'
	from /home/runner/work/raptor/raptor/lib/raptor/server.rb:136:in 'block in Raptor::Server#start_worker'
#<Thread:0x0000ffbe4b7e76d8 run> terminated with exception (report_on_exception is true):
/home/runner/work/raptor/raptor/lib/raptor/response.rb:35:in 'IO#write': Broken pipe (Errno::EPIPE)
	from /home/runner/work/raptor/raptor/lib/raptor/response.rb:35:in 'Raptor::ResponseWriter.write'
	from /home/runner/work/raptor/raptor/lib/raptor/worker.rb:87:in 'block in Raptor::Worker#handle_client'
	from /home/runner/work/raptor/raptor/lib/raptor/worker.rb:70:in 'Kernel#loop'
	from /home/runner/work/raptor/raptor/lib/raptor/worker.rb:70:in 'Raptor::Worker#handle_client'
	from /home/runner/work/raptor/raptor/lib/raptor/worker.rb:62:in 'block in Raptor::Worker#accept_available'
	from /home/runner/work/raptor/raptor/lib/raptor/worker.rb:58:in 'Kernel#loop'
	from /home/runner/work/raptor/raptor/lib/raptor/worker.rb:58:in 'Raptor::Worker#accept_available'
	from /home/runner/work/raptor/raptor/lib/raptor/worker.rb:39:in 'block (2 levels) in Raptor::Worker#run'
	from /home/runner/work/raptor/raptor/lib/raptor/worker.rb:36:in 'Array#each'
	from /home/runner/work/raptor/raptor/lib/raptor/worker.rb:36:in 'block in Raptor::Worker#run'
	from /home/runner/work/raptor/raptor/lib/raptor/worker.rb:29:in 'Kernel#loop'
	from /home/runner/work/raptor/raptor/lib/raptor/worker.rb:29:in 'Raptor::Worker#run'
	from /home/runner/work/raptor/raptor/lib/raptor/worker.rb:14:in 'Raptor::Worker.run'
	from /home/runner/work/raptor/raptor/lib/raptor/server.rb:136:in 'block in Raptor::Server#start_worker'
/home/runner/work/raptor/raptor/lib/raptor/response.rb:39:in 'IO#write': Broken pipe (Errno::EPIPE)
	from /home/runner/work/raptor/raptor/lib/raptor/response.rb:39:in 'block in Raptor::ResponseWriter.write'
	from /home/runner/work/raptor/raptor/lib/raptor/response.rb:36:in 'Hash#each'
	from /home/runner/work/raptor/raptor/lib/raptor/response.rb:36:in 'Raptor::ResponseWriter.write'
	from /home/runner/work/raptor/raptor/lib/raptor/worker.rb:77:in 'block in Raptor::Worker#handle_client'
	from /home/runner/work/raptor/raptor/lib/raptor/worker.rb:70:in 'Kernel#loop'
	from /home/runner/work/raptor/raptor/lib/raptor/worker.rb:70:in 'Raptor::Worker#handle_client'
	from /home/runner/work/raptor/raptor/lib/raptor/worker.rb:62:in 'block in Raptor::Worker#accept_available'
	from /home/runner/work/raptor/raptor/lib/raptor/worker.rb:58:in 'Kernel#loop'
	from /home/runner/work/raptor/raptor/lib/raptor/worker.rb:58:in 'Raptor::Worker#accept_available'
	from /home/runner/work/raptor/raptor/lib/raptor/worker.rb:39:in 'block (2 levels) in Raptor::Worker#run'
	from /home/runner/work/raptor/raptor/lib/raptor/worker.rb:36:in 'Array#each'
	from /home/runner/work/raptor/raptor/lib/raptor/worker.rb:36:in 'block in Raptor::Worker#run'
	from /home/runner/work/raptor/raptor/lib/raptor/worker.rb:29:in 'Kernel#loop'
	from /home/runner/work/raptor/raptor/lib/raptor/worker.rb:29:in 'Raptor::Worker#run'
	from /home/runner/work/raptor/raptor/lib/raptor/worker.rb:14:in 'Raptor::Worker.run'
	from /home/runner/work/raptor/raptor/lib/raptor/server.rb:136:in 'block in Raptor::Server#start_worker'
#<Thread:0x0000ffbe4ba721a0 run> terminated with exception (report_on_exception is true):
#<Thread:0x0000ffbe4badcbb8 run> terminated with exception (report_on_exception is true):
/home/runner/work/raptor/raptor/lib/raptor/response.rb:35:in 'IO#write': Broken pipe (Errno::EPIPE)/home/runner/work/raptor/raptor/lib/raptor/response.rb:35:in 'IO#write'
: Broken pipe (Errno::EPIPE)	from /home/runner/work/raptor/raptor/lib/raptor/response.rb:35:in 'Raptor::ResponseWriter.write'

	from /home/runner/work/raptor/raptor/lib/raptor/worker.rb:87:in 'block in Raptor::Worker#handle_client'
	from /home/runner/work/raptor/raptor/lib/raptor/response.rb:35:in 'Raptor::ResponseWriter.write'
	from /home/runner/work/raptor/raptor/lib/raptor/worker.rb:70:in 'Kernel#loop'
	from /home/runner/work/raptor/raptor/lib/raptor/worker.rb:87:in 'block in Raptor::Worker#handle_client'
	from /home/runner/work/raptor/raptor/lib/raptor/worker.rb:70:in 'Raptor::Worker#handle_client'
	from /home/runner/work/raptor/raptor/lib/raptor/worker.rb:70:in 'Kernel#loop'
	from /home/runner/work/raptor/raptor/lib/raptor/worker.rb:62:in 'block in Raptor::Worker#accept_available'
	from /home/runner/work/raptor/raptor/lib/raptor/worker.rb:70:in 'Raptor::Worker#handle_client'
	from /home/runner/work/raptor/raptor/lib/raptor/worker.rb:58:in 'Kernel#loop'
	from /home/runner/work/raptor/raptor/lib/raptor/worker.rb:62:in 'block in Raptor::Worker#accept_available'
	from /home/runner/work/raptor/raptor/lib/raptor/worker.rb:58:in 'Raptor::Worker#accept_available'
	from /home/runner/work/raptor/raptor/lib/raptor/worker.rb:58:in 'Kernel#loop'
	from /home/runner/work/raptor/raptor/lib/raptor/worker.rb:39:in 'block (2 levels) in Raptor::Worker#run'
	from /home/runner/work/raptor/raptor/lib/raptor/worker.rb:58:in 'Raptor::Worker#accept_available'
	from /home/runner/work/raptor/raptor/lib/raptor/worker.rb:36:in 'Array#each'
	from /home/runner/work/raptor/raptor/lib/raptor/worker.rb:39:in 'block (2 levels) in Raptor::Worker#run'
	from /home/runner/work/raptor/raptor/lib/raptor/worker.rb:36:in 'block in Raptor::Worker#run'
	from /home/runner/work/raptor/raptor/lib/raptor/worker.rb:36:in 'Array#each'
	from /home/runner/work/raptor/raptor/lib/raptor/worker.rb:29:in 'Kernel#loop'
	from /home/runner/work/raptor/raptor/lib/raptor/worker.rb:36:in 'block in Raptor::Worker#run'
	from /home/runner/work/raptor/raptor/lib/raptor/worker.rb:29:in 'Raptor::Worker#run'
	from /home/runner/work/raptor/raptor/lib/raptor/worker.rb:29:in 'Kernel#loop'
	from /home/runner/work/raptor/raptor/lib/raptor/worker.rb:14:in 'Raptor::Worker.run'
	from /home/runner/work/raptor/raptor/lib/raptor/worker.rb:29:in 'Raptor::Worker#run'
	from /home/runner/work/raptor/raptor/lib/raptor/server.rb:136:in 'block in Raptor::Server#start_worker'
	from /home/runner/work/raptor/raptor/lib/raptor/worker.rb:14:in 'Raptor::Worker.run'
	from /home/runner/work/raptor/raptor/lib/raptor/server.rb:136:in 'block in Raptor::Server#start_worker'
/home/runner/work/raptor/raptor/lib/raptor/response.rb:39:in 'IO#write': Broken pipe (Errno::EPIPE)/home/runner/work/raptor/raptor/lib/raptor/response.rb:39:in 'IO#write'
: 	from /home/runner/work/raptor/raptor/lib/raptor/response.rb:39:in 'block in Raptor::ResponseWriter.write'
Broken pipe (Errno::EPIPE)	from /home/runner/work/raptor/raptor/lib/raptor/response.rb:36:in 'Hash#each'

	from /home/runner/work/raptor/raptor/lib/raptor/response.rb:36:in 'Raptor::ResponseWriter.write'
	from /home/runner/work/raptor/raptor/lib/raptor/response.rb:39:in 'block in Raptor::ResponseWriter.write'
	from /home/runner/work/raptor/raptor/lib/raptor/worker.rb:77:in 'block in Raptor::Worker#handle_client'
	from /home/runner/work/raptor/raptor/lib/raptor/response.rb:36:in 'Hash#each'
	from /home/runner/work/raptor/raptor/lib/raptor/worker.rb:70:in 'Kernel#loop'
	from /home/runner/work/raptor/raptor/lib/raptor/response.rb:36:in 'Raptor::ResponseWriter.write'
	from /home/runner/work/raptor/raptor/lib/raptor/worker.rb:70:in 'Raptor::Worker#handle_client'
	from /home/runner/work/raptor/raptor/lib/raptor/worker.rb:77:in 'block in Raptor::Worker#handle_client'
	from /home/runner/work/raptor/raptor/lib/raptor/worker.rb:62:in 'block in Raptor::Worker#accept_available'
	from /home/runner/work/raptor/raptor/lib/raptor/worker.rb:70:in 'Kernel#loop'
	from /home/runner/work/raptor/raptor/lib/raptor/worker.rb:58:in 'Kernel#loop'
	from /home/runner/work/raptor/raptor/lib/raptor/worker.rb:70:in 'Raptor::Worker#handle_client'
	from /home/runner/work/raptor/raptor/lib/raptor/worker.rb:58:in 'Raptor::Worker#accept_available'
	from /home/runner/work/raptor/raptor/lib/raptor/worker.rb:62:in 'block in Raptor::Worker#accept_available'
	from /home/runner/work/raptor/raptor/lib/raptor/worker.rb:39:in 'block (2 levels) in Raptor::Worker#run'
	from /home/runner/work/raptor/raptor/lib/raptor/worker.rb:58:in 'Kernel#loop'
	from /home/runner/work/raptor/raptor/lib/raptor/worker.rb:36:in 'Array#each'
	from /home/runner/work/raptor/raptor/lib/raptor/worker.rb:58:in 'Raptor::Worker#accept_available'
	from /home/runner/work/raptor/raptor/lib/raptor/worker.rb:36:in 'block in Raptor::Worker#run'
	from /home/runner/work/raptor/raptor/lib/raptor/worker.rb:39:in 'block (2 levels) in Raptor::Worker#run'
	from /home/runner/work/raptor/raptor/lib/raptor/worker.rb:29:in 'Kernel#loop'
	from /home/runner/work/raptor/raptor/lib/raptor/worker.rb:36:in 'Array#each'
	from /home/runner/work/raptor/raptor/lib/raptor/worker.rb:29:in 'Raptor::Worker#run'
	from /home/runner/work/raptor/raptor/lib/raptor/worker.rb:36:in 'block in Raptor::Worker#run'
	from /home/runner/work/raptor/raptor/lib/raptor/worker.rb:14:in 'Raptor::Worker.run'
	from /home/runner/work/raptor/raptor/lib/raptor/worker.rb:29:in 'Kernel#loop'
	from /home/runner/work/raptor/raptor/lib/raptor/server.rb:136:in 'block in Raptor::Server#start_worker'
	from /home/runner/work/raptor/raptor/lib/raptor/worker.rb:29:in 'Raptor::Worker#run'
	from /home/runner/work/raptor/raptor/lib/raptor/worker.rb:14:in 'Raptor::Worker.run'
	from /home/runner/work/raptor/raptor/lib/raptor/server.rb:136:in 'block in Raptor::Server#start_worker'
#<Thread:0x0000ffbe4bade1c0 run> terminated with exception (report_on_exception is true):
/home/runner/work/raptor/raptor/lib/raptor/response.rb:35:in 'IO#write': Broken pipe (Errno::EPIPE)
	from /home/runner/work/raptor/raptor/lib/raptor/response.rb:35:in 'Raptor::ResponseWriter.write'
	from /home/runner/work/raptor/raptor/lib/raptor/worker.rb:87:in 'block in Raptor::Worker#handle_client'
	from /home/runner/work/raptor/raptor/lib/raptor/worker.rb:70:in 'Kernel#loop'
	from /home/runner/work/raptor/raptor/lib/raptor/worker.rb:70:in 'Raptor::Worker#handle_client'
	from /home/runner/work/raptor/raptor/lib/raptor/worker.rb:62:in 'block in Raptor::Worker#accept_available'
	from /home/runner/work/raptor/raptor/lib/raptor/worker.rb:58:in 'Kernel#loop'
	from /home/runner/work/raptor/raptor/lib/raptor/worker.rb:58:in 'Raptor::Worker#accept_available'
	from /home/runner/work/raptor/raptor/lib/raptor/worker.rb:39:in 'block (2 levels) in Raptor::Worker#run'
	from /home/runner/work/raptor/raptor/lib/raptor/worker.rb:36:in 'Array#each'
	from /home/runner/work/raptor/raptor/lib/raptor/worker.rb:36:in 'block in Raptor::Worker#run'
	from /home/runner/work/raptor/raptor/lib/raptor/worker.rb:29:in 'Kernel#loop'
	from /home/runner/work/raptor/raptor/lib/raptor/worker.rb:29:in 'Raptor::Worker#run'
	from /home/runner/work/raptor/raptor/lib/raptor/worker.rb:14:in 'Raptor::Worker.run'
	from /home/runner/work/raptor/raptor/lib/raptor/server.rb:136:in 'block in Raptor::Server#start_worker'
/home/runner/work/raptor/raptor/lib/raptor/response.rb:39:in 'IO#write': Broken pipe (Errno::EPIPE)
	from /home/runner/work/raptor/raptor/lib/raptor/response.rb:39:in 'block in Raptor::ResponseWriter.write'
	from /home/runner/work/raptor/raptor/lib/raptor/response.rb:36:in 'Hash#each'
	from /home/runner/work/raptor/raptor/lib/raptor/response.rb:36:in 'Raptor::ResponseWriter.write'
	from /home/runner/work/raptor/raptor/lib/raptor/worker.rb:77:in 'block in Raptor::Worker#handle_client'
	from /home/runner/work/raptor/raptor/lib/raptor/worker.rb:70:in 'Kernel#loop'
	from /home/runner/work/raptor/raptor/lib/raptor/worker.rb:70:in 'Raptor::Worker#handle_client'
	from /home/runner/work/raptor/raptor/lib/raptor/worker.rb:62:in 'block in Raptor::Worker#accept_available'
	from /home/runner/work/raptor/raptor/lib/raptor/worker.rb:58:in 'Kernel#loop'
	from /home/runner/work/raptor/raptor/lib/raptor/worker.rb:58:in 'Raptor::Worker#accept_available'
	from /home/runner/work/raptor/raptor/lib/raptor/worker.rb:39:in 'block (2 levels) in Raptor::Worker#run'
	from /home/runner/work/raptor/raptor/lib/raptor/worker.rb:36:in 'Array#each'
	from /home/runner/work/raptor/raptor/lib/raptor/worker.rb:36:in 'block in Raptor::Worker#run'
	from /home/runner/work/raptor/raptor/lib/raptor/worker.rb:29:in 'Kernel#loop'
	from /home/runner/work/raptor/raptor/lib/raptor/worker.rb:29:in 'Raptor::Worker#run'
	from /home/runner/work/raptor/raptor/lib/raptor/worker.rb:14:in 'Raptor::Worker.run'
	from /home/runner/work/raptor/raptor/lib/raptor/server.rb:136:in 'block in Raptor::Server#start_worker'
#<Thread:0x0000ffbe4ba730f0 run> terminated with exception (report_on_exception is true):
/home/runner/work/raptor/raptor/lib/raptor/response.rb:35:in 'IO#write': Broken pipe (Errno::EPIPE)
	from /home/runner/work/raptor/raptor/lib/raptor/response.rb:35:in 'Raptor::ResponseWriter.write'
	from /home/runner/work/raptor/raptor/lib/raptor/worker.rb:87:in 'block in Raptor::Worker#handle_client'
	from /home/runner/work/raptor/raptor/lib/raptor/worker.rb:70:in 'Kernel#loop'
	from /home/runner/work/raptor/raptor/lib/raptor/worker.rb:70:in 'Raptor::Worker#handle_client'
	from /home/runner/work/raptor/raptor/lib/raptor/worker.rb:62:in 'block in Raptor::Worker#accept_available'
	from /home/runner/work/raptor/raptor/lib/raptor/worker.rb:58:in 'Kernel#loop'
	from /home/runner/work/raptor/raptor/lib/raptor/worker.rb:58:in 'Raptor::Worker#accept_available'
	from /home/runner/work/raptor/raptor/lib/raptor/worker.rb:39:in 'block (2 levels) in Raptor::Worker#run'
	from /home/runner/work/raptor/raptor/lib/raptor/worker.rb:36:in 'Array#each'
	from /home/runner/work/raptor/raptor/lib/raptor/worker.rb:36:in 'block in Raptor::Worker#run'
	from /home/runner/work/raptor/raptor/lib/raptor/worker.rb:29:in 'Kernel#loop'
	from /home/runner/work/raptor/raptor/lib/raptor/worker.rb:29:in 'Raptor::Worker#run'
	from /home/runner/work/raptor/raptor/lib/raptor/worker.rb:14:in 'Raptor::Worker.run'
	from /home/runner/work/raptor/raptor/lib/raptor/server.rb:136:in 'block in Raptor::Server#start_worker'
/home/runner/work/raptor/raptor/lib/raptor/response.rb:39:in 'IO#write': Broken pipe (Errno::EPIPE)
	from /home/runner/work/raptor/raptor/lib/raptor/response.rb:39:in 'block in Raptor::ResponseWriter.write'
	from /home/runner/work/raptor/raptor/lib/raptor/response.rb:36:in 'Hash#each'
	from /home/runner/work/raptor/raptor/lib/raptor/response.rb:36:in 'Raptor::ResponseWriter.write'
	from /home/runner/work/raptor/raptor/lib/raptor/worker.rb:77:in 'block in Raptor::Worker#handle_client'
	from /home/runner/work/raptor/raptor/lib/raptor/worker.rb:70:in 'Kernel#loop'
	from /home/runner/work/raptor/raptor/lib/raptor/worker.rb:70:in 'Raptor::Worker#handle_client'
	from /home/runner/work/raptor/raptor/lib/raptor/worker.rb:62:in 'block in Raptor::Worker#accept_available'
	from /home/runner/work/raptor/raptor/lib/raptor/worker.rb:58:in 'Kernel#loop'
	from /home/runner/work/raptor/raptor/lib/raptor/worker.rb:58:in 'Raptor::Worker#accept_available'
	from /home/runner/work/raptor/raptor/lib/raptor/worker.rb:39:in 'block (2 levels) in Raptor::Worker#run'
	from /home/runner/work/raptor/raptor/lib/raptor/worker.rb:36:in 'Array#each'
	from /home/runner/work/raptor/raptor/lib/raptor/worker.rb:36:in 'block in Raptor::Worker#run'
	from /home/runner/work/raptor/raptor/lib/raptor/worker.rb:29:in 'Kernel#loop'
	from /home/runner/work/raptor/raptor/lib/raptor/worker.rb:29:in 'Raptor::Worker#run'
	from /home/runner/work/raptor/raptor/lib/raptor/worker.rb:14:in 'Raptor::Worker.run'
	from /home/runner/work/raptor/raptor/lib/raptor/server.rb:136:in 'block in Raptor::Server#start_worker'
#<Thread:0x0000ffbe4b7ec688 run> terminated with exception (report_on_exception is true):
/home/runner/work/raptor/raptor/lib/raptor/response.rb:35:in 'IO#write': Broken pipe (Errno::EPIPE)
	from /home/runner/work/raptor/raptor/lib/raptor/response.rb:35:in 'Raptor::ResponseWriter.write'
	from /home/runner/work/raptor/raptor/lib/raptor/worker.rb:87:in 'block in Raptor::Worker#handle_client'
	from /home/runner/work/raptor/raptor/lib/raptor/worker.rb:70:in 'Kernel#loop'
	from /home/runner/work/raptor/raptor/lib/raptor/worker.rb:70:in 'Raptor::Worker#handle_client'
	from /home/runner/work/raptor/raptor/lib/raptor/worker.rb:62:in 'block in Raptor::Worker#accept_available'
	from /home/runner/work/raptor/raptor/lib/raptor/worker.rb:58:in 'Kernel#loop'
	from /home/runner/work/raptor/raptor/lib/raptor/worker.rb:58:in 'Raptor::Worker#accept_available'
	from /home/runner/work/raptor/raptor/lib/raptor/worker.rb:39:in 'block (2 levels) in Raptor::Worker#run'
	from /home/runner/work/raptor/raptor/lib/raptor/worker.rb:36:in 'Array#each'
	from /home/runner/work/raptor/raptor/lib/raptor/worker.rb:36:in 'block in Raptor::Worker#run'
	from /home/runner/work/raptor/raptor/lib/raptor/worker.rb:29:in 'Kernel#loop'
	from /home/runner/work/raptor/raptor/lib/raptor/worker.rb:29:in 'Raptor::Worker#run'
	from /home/runner/work/raptor/raptor/lib/raptor/worker.rb:14:in 'Raptor::Worker.run'
	from /home/runner/work/raptor/raptor/lib/raptor/server.rb:136:in 'block in Raptor::Server#start_worker'
/home/runner/work/raptor/raptor/lib/raptor/response.rb:39:in 'IO#write': Broken pipe (Errno::EPIPE)
	from /home/runner/work/raptor/raptor/lib/raptor/response.rb:39:in 'block in Raptor::ResponseWriter.write'
	from /home/runner/work/raptor/raptor/lib/raptor/response.rb:36:in 'Hash#each'
	from /home/runner/work/raptor/raptor/lib/raptor/response.rb:36:in 'Raptor::ResponseWriter.write'
	from /home/runner/work/raptor/raptor/lib/raptor/worker.rb:77:in 'block in Raptor::Worker#handle_client'
	from /home/runner/work/raptor/raptor/lib/raptor/worker.rb:70:in 'Kernel#loop'
	from /home/runner/work/raptor/raptor/lib/raptor/worker.rb:70:in 'Raptor::Worker#handle_client'
	from /home/runner/work/raptor/raptor/lib/raptor/worker.rb:62:in 'block in Raptor::Worker#accept_available'
	from /home/runner/work/raptor/raptor/lib/raptor/worker.rb:58:in 'Kernel#loop'
	from /home/runner/work/raptor/raptor/lib/raptor/worker.rb:58:in 'Raptor::Worker#accept_available'
	from /home/runner/work/raptor/raptor/lib/raptor/worker.rb:39:in 'block (2 levels) in Raptor::Worker#run'
	from /home/runner/work/raptor/raptor/lib/raptor/worker.rb:36:in 'Array#each'
	from /home/runner/work/raptor/raptor/lib/raptor/worker.rb:36:in 'block in Raptor::Worker#run'
	from /home/runner/work/raptor/raptor/lib/raptor/worker.rb:29:in 'Kernel#loop'
	from /home/runner/work/raptor/raptor/lib/raptor/worker.rb:29:in 'Raptor::Worker#run'
	from /home/runner/work/raptor/raptor/lib/raptor/worker.rb:14:in 'Raptor::Worker.run'
	from /home/runner/work/raptor/raptor/lib/raptor/server.rb:136:in 'block in Raptor::Server#start_worker'
#<Thread:0x0000ffbe4b585f48 run> terminated with exception (report_on_exception is true):
/home/runner/work/raptor/raptor/lib/raptor/response.rb:35:in 'IO#write': Broken pipe (Errno::EPIPE)
	from /home/runner/work/raptor/raptor/lib/raptor/response.rb:35:in 'Raptor::ResponseWriter.write'
	from /home/runner/work/raptor/raptor/lib/raptor/worker.rb:87:in 'block in Raptor::Worker#handle_client'
	from /home/runner/work/raptor/raptor/lib/raptor/worker.rb:70:in 'Kernel#loop'
	from /home/runner/work/raptor/raptor/lib/raptor/worker.rb:70:in 'Raptor::Worker#handle_client'
	from /home/runner/work/raptor/raptor/lib/raptor/worker.rb:62:in 'block in Raptor::Worker#accept_available'
	from /home/runner/work/raptor/raptor/lib/raptor/worker.rb:58:in 'Kernel#loop'
	from /home/runner/work/raptor/raptor/lib/raptor/worker.rb:58:in 'Raptor::Worker#accept_available'
	from /home/runner/work/raptor/raptor/lib/raptor/worker.rb:39:in 'block (2 levels) in Raptor::Worker#run'
	from /home/runner/work/raptor/raptor/lib/raptor/worker.rb:36:in 'Array#each'
	from /home/runner/work/raptor/raptor/lib/raptor/worker.rb:36:in 'block in Raptor::Worker#run'
	from /home/runner/work/raptor/raptor/lib/raptor/worker.rb:29:in 'Kernel#loop'
	from /home/runner/work/raptor/raptor/lib/raptor/worker.rb:29:in 'Raptor::Worker#run'
	from /home/runner/work/raptor/raptor/lib/raptor/worker.rb:14:in 'Raptor::Worker.run'
	from /home/runner/work/raptor/raptor/lib/raptor/server.rb:136:in 'block in Raptor::Server#start_worker'
/home/runner/work/raptor/raptor/lib/raptor/response.rb:39:in 'IO#write': Broken pipe (Errno::EPIPE)
	from /home/runner/work/raptor/raptor/lib/raptor/response.rb:39:in 'block in Raptor::ResponseWriter.write'
	from /home/runner/work/raptor/raptor/lib/raptor/response.rb:36:in 'Hash#each'
	from /home/runner/work/raptor/raptor/lib/raptor/response.rb:36:in 'Raptor::ResponseWriter.write'
	from /home/runner/work/raptor/raptor/lib/raptor/worker.rb:77:in 'block in Raptor::Worker#handle_client'
	from /home/runner/work/raptor/raptor/lib/raptor/worker.rb:70:in 'Kernel#loop'
	from /home/runner/work/raptor/raptor/lib/raptor/worker.rb:70:in 'Raptor::Worker#handle_client'
	from /home/runner/work/raptor/raptor/lib/raptor/worker.rb:62:in 'block in Raptor::Worker#accept_available'
	from /home/runner/work/raptor/raptor/lib/raptor/worker.rb:58:in 'Kernel#loop'
	from /home/runner/work/raptor/raptor/lib/raptor/worker.rb:58:in 'Raptor::Worker#accept_available'
	from /home/runner/work/raptor/raptor/lib/raptor/worker.rb:39:in 'block (2 levels) in Raptor::Worker#run'
	from /home/runner/work/raptor/raptor/lib/raptor/worker.rb:36:in 'Array#each'
	from /home/runner/work/raptor/raptor/lib/raptor/worker.rb:36:in 'block in Raptor::Worker#run'
	from /home/runner/work/raptor/raptor/lib/raptor/worker.rb:29:in 'Kernel#loop'
	from /home/runner/work/raptor/raptor/lib/raptor/worker.rb:29:in 'Raptor::Worker#run'
	from /home/runner/work/raptor/raptor/lib/raptor/worker.rb:14:in 'Raptor::Worker.run'
	from /home/runner/work/raptor/raptor/lib/raptor/server.rb:136:in 'block in Raptor::Server#start_worker'
