/home/runner/work/raptor/raptor/lib/raptor/server.rb:134: warning: Ractor API is experimental and may change in future versions of Ruby.
#<Thread:0x0000ff74198ff8a8 run> terminated with exception (report_on_exception is true):
/home/runner/work/raptor/raptor/lib/raptor/response.rb:35:in 'IO#write': Broken pipe (Errno::EPIPE)
	from /home/runner/work/raptor/raptor/lib/raptor/response.rb:35:in 'Raptor::ResponseWriter.write'
	from /home/runner/work/raptor/raptor/lib/raptor/worker.rb:87:in 'block in Raptor::Worker#handle_client'
	from /home/runner/work/raptor/raptor/lib/raptor/worker.rb:70:in 'Kernel#loop'
	from /home/runner/work/raptor/raptor/lib/raptor/worker.rb:70:in 'Raptor::Worker#handle_client'
	from /home/runner/work/raptor/raptor/lib/raptor/worker.rb:62:in 'block in Raptor::Worker#accept_available'
	from /home/runner/work/raptor/raptor/lib/raptor/worker.rb:58:in 'Kernel#loop'
	from /home/runner/work/raptor/raptor/lib/raptor/worker.rb:58:in 'Raptor::Worker#accept_available'
	from /home/runner/work/raptor/raptor/lib/raptor/worker.rb:39:in 'block (2 levels) in Raptor::Worker#run'
	from /home/runner/work/raptor/raptor/lib/raptor/worker.rb:36:in 'Array#each'
	from /home/runner/work/raptor/raptor/lib/raptor/worker.rb:36:in 'block in Raptor::Worker#run'
	from /home/runner/work/raptor/raptor/lib/raptor/worker.rb:29:in 'Kernel#loop'
	from /home/runner/work/raptor/raptor/lib/raptor/worker.rb:29:in 'Raptor::Worker#run'
	from /home/runner/work/raptor/raptor/lib/raptor/worker.rb:14:in 'Raptor::Worker.run'
	from /home/runner/work/raptor/raptor/lib/raptor/server.rb:136:in 'block in Raptor::Server#start_worker'
/home/runner/work/raptor/raptor/lib/raptor/response.rb:39:in 'IO#write': Broken pipe (Errno::EPIPE)
	from /home/runner/work/raptor/raptor/lib/raptor/response.rb:39:in 'block in Raptor::ResponseWriter.write'
	from /home/runner/work/raptor/raptor/lib/raptor/response.rb:36:in 'Hash#each'
	from /home/runner/work/raptor/raptor/lib/raptor/response.rb:36:in 'Raptor::ResponseWriter.write'
	from /home/runner/work/raptor/raptor/lib/raptor/worker.rb:77:in 'block in Raptor::Worker#handle_client'
	from /home/runner/work/raptor/raptor/lib/raptor/worker.rb:70:in 'Kernel#loop'
	from /home/runner/work/raptor/raptor/lib/raptor/worker.rb:70:in 'Raptor::Worker#handle_client'
	from /home/runner/work/raptor/raptor/lib/raptor/worker.rb:62:in 'block in Raptor::Worker#accept_available'
	from /home/runner/work/raptor/raptor/lib/raptor/worker.rb:58:in 'Kernel#loop'
	from /home/runner/work/raptor/raptor/lib/raptor/worker.rb:58:in 'Raptor::Worker#accept_available'
	from /home/runner/work/raptor/raptor/lib/raptor/worker.rb:39:in 'block (2 levels) in Raptor::Worker#run'
	from /home/runner/work/raptor/raptor/lib/raptor/worker.rb:36:in 'Array#each'
	from /home/runner/work/raptor/raptor/lib/raptor/worker.rb:36:in 'block in Raptor::Worker#run'
	from /home/runner/work/raptor/raptor/lib/raptor/worker.rb:29:in 'Kernel#loop'
	from /home/runner/work/raptor/raptor/lib/raptor/worker.rb:29:in 'Raptor::Worker#run'
	from /home/runner/work/raptor/raptor/lib/raptor/worker.rb:14:in 'Raptor::Worker.run'
	from /home/runner/work/raptor/raptor/lib/raptor/server.rb:136:in 'block in Raptor::Server#start_worker'
#<Thread:0x0000ff741990bd60 run> terminated with exception (report_on_exception is true):
/home/runner/work/raptor/raptor/lib/raptor/response.rb:35:in 'IO#write': Broken pipe (Errno::EPIPE)
	from /home/runner/work/raptor/raptor/lib/raptor/response.rb:35:in 'Raptor::ResponseWriter.write'
	from /home/runner/work/raptor/raptor/lib/raptor/worker.rb:87:in 'block in Raptor::Worker#handle_client'
	from /home/runner/work/raptor/raptor/lib/raptor/worker.rb:70:in 'Kernel#loop'
	from /home/runner/work/raptor/raptor/lib/raptor/worker.rb:70:in 'Raptor::Worker#handle_client'
	from /home/runner/work/raptor/raptor/lib/raptor/worker.rb:62:in 'block in Raptor::Worker#accept_available'
	from /home/runner/work/raptor/raptor/lib/raptor/worker.rb:58:in 'Kernel#loop'
	from /home/runner/work/raptor/raptor/lib/raptor/worker.rb:58:in 'Raptor::Worker#accept_available'
	from /home/runner/work/raptor/raptor/lib/raptor/worker.rb:39:in 'block (2 levels) in Raptor::Worker#run'
	from /home/runner/work/raptor/raptor/lib/raptor/worker.rb:36:in 'Array#each'
	from /home/runner/work/raptor/raptor/lib/raptor/worker.rb:36:in 'block in Raptor::Worker#run'
	from /home/runner/work/raptor/raptor/lib/raptor/worker.rb:29:in 'Kernel#loop'
	from /home/runner/work/raptor/raptor/lib/raptor/worker.rb:29:in 'Raptor::Worker#run'
	from /home/runner/work/raptor/raptor/lib/raptor/worker.rb:14:in 'Raptor::Worker.run'
	from /home/runner/work/raptor/raptor/lib/raptor/server.rb:136:in 'block in Raptor::Server#start_worker'
/home/runner/work/raptor/raptor/lib/raptor/response.rb:39:in 'IO#write': Broken pipe (Errno::EPIPE)
	from /home/runner/work/raptor/raptor/lib/raptor/response.rb:39:in 'block in Raptor::ResponseWriter.write'
	from /home/runner/work/raptor/raptor/lib/raptor/response.rb:36:in 'Hash#each'
	from /home/runner/work/raptor/raptor/lib/raptor/response.rb:36:in 'Raptor::ResponseWriter.write'
	from /home/runner/work/raptor/raptor/lib/raptor/worker.rb:77:in 'block in Raptor::Worker#handle_client'
	from /home/runner/work/raptor/raptor/lib/raptor/worker.rb:70:in 'Kernel#loop'
	from /home/runner/work/raptor/raptor/lib/raptor/worker.rb:70:in 'Raptor::Worker#handle_client'
	from /home/runner/work/raptor/raptor/lib/raptor/worker.rb:62:in 'block in Raptor::Worker#accept_available'
	from /home/runner/work/raptor/raptor/lib/raptor/worker.rb:58:in 'Kernel#loop'
	from /home/runner/work/raptor/raptor/lib/raptor/worker.rb:58:in 'Raptor::Worker#accept_available'
	from /home/runner/work/raptor/raptor/lib/raptor/worker.rb:39:in 'block (2 levels) in Raptor::Worker#run'
	from /home/runner/work/raptor/raptor/lib/raptor/worker.rb:36:in 'Array#each'
	from /home/runner/work/raptor/raptor/lib/raptor/worker.rb:36:in 'block in Raptor::Worker#run'
	from /home/runner/work/raptor/raptor/lib/raptor/worker.rb:29:in 'Kernel#loop'
	from /home/runner/work/raptor/raptor/lib/raptor/worker.rb:29:in 'Raptor::Worker#run'
	from /home/runner/work/raptor/raptor/lib/raptor/worker.rb:14:in 'Raptor::Worker.run'
	from /home/runner/work/raptor/raptor/lib/raptor/server.rb:136:in 'block in Raptor::Server#start_worker'
#<Thread:0x0000ff7419905de8 run> terminated with exception (report_on_exception is true):
/home/runner/work/raptor/raptor/lib/raptor/response.rb:35:in 'IO#write': Broken pipe (Errno::EPIPE)
	from /home/runner/work/raptor/raptor/lib/raptor/response.rb:35:in 'Raptor::ResponseWriter.write'
	from /home/runner/work/raptor/raptor/lib/raptor/worker.rb:87:in 'block in Raptor::Worker#handle_client'
	from /home/runner/work/raptor/raptor/lib/raptor/worker.rb:70:in 'Kernel#loop'
	from /home/runner/work/raptor/raptor/lib/raptor/worker.rb:70:in 'Raptor::Worker#handle_client'
	from /home/runner/work/raptor/raptor/lib/raptor/worker.rb:62:in 'block in Raptor::Worker#accept_available'
	from /home/runner/work/raptor/raptor/lib/raptor/worker.rb:58:in 'Kernel#loop'
	from /home/runner/work/raptor/raptor/lib/raptor/worker.rb:58:in 'Raptor::Worker#accept_available'
	from /home/runner/work/raptor/raptor/lib/raptor/worker.rb:39:in 'block (2 levels) in Raptor::Worker#run'
	from /home/runner/work/raptor/raptor/lib/raptor/worker.rb:36:in 'Array#each'
	from /home/runner/work/raptor/raptor/lib/raptor/worker.rb:36:in 'block in Raptor::Worker#run'
	from /home/runner/work/raptor/raptor/lib/raptor/worker.rb:29:in 'Kernel#loop'
	from /home/runner/work/raptor/raptor/lib/raptor/worker.rb:29:in 'Raptor::Worker#run'
	from /home/runner/work/raptor/raptor/lib/raptor/worker.rb:14:in 'Raptor::Worker.run'
	from /home/runner/work/raptor/raptor/lib/raptor/server.rb:136:in 'block in Raptor::Server#start_worker'
/home/runner/work/raptor/raptor/lib/raptor/response.rb:39:in 'IO#write': Broken pipe (Errno::EPIPE)
	from /home/runner/work/raptor/raptor/lib/raptor/response.rb:39:in 'block in Raptor::ResponseWriter.write'
	from /home/runner/work/raptor/raptor/lib/raptor/response.rb:36:in 'Hash#each'
	from /home/runner/work/raptor/raptor/lib/raptor/response.rb:36:in 'Raptor::ResponseWriter.write'
	from /home/runner/work/raptor/raptor/lib/raptor/worker.rb:77:in 'block in Raptor::Worker#handle_client'
	from /home/runner/work/raptor/raptor/lib/raptor/worker.rb:70:in 'Kernel#loop'
	from /home/runner/work/raptor/raptor/lib/raptor/worker.rb:70:in 'Raptor::Worker#handle_client'
	from /home/runner/work/raptor/raptor/lib/raptor/worker.rb:62:in 'block in Raptor::Worker#accept_available'
	from /home/runner/work/raptor/raptor/lib/raptor/worker.rb:58:in 'Kernel#loop'
	from /home/runner/work/raptor/raptor/lib/raptor/worker.rb:58:in 'Raptor::Worker#accept_available'
	from /home/runner/work/raptor/raptor/lib/raptor/worker.rb:39:in 'block (2 levels) in Raptor::Worker#run'
	from /home/runner/work/raptor/raptor/lib/raptor/worker.rb:36:in 'Array#each'
	from /home/runner/work/raptor/raptor/lib/raptor/worker.rb:36:in 'block in Raptor::Worker#run'
	from /home/runner/work/raptor/raptor/lib/raptor/worker.rb:29:in 'Kernel#loop'
	from /home/runner/work/raptor/raptor/lib/raptor/worker.rb:29:in 'Raptor::Worker#run'
	from /home/runner/work/raptor/raptor/lib/raptor/worker.rb:14:in 'Raptor::Worker.run'
	from /home/runner/work/raptor/raptor/lib/raptor/server.rb:136:in 'block in Raptor::Server#start_worker'
#<Thread:0x0000ff74113957f8 run> terminated with exception (report_on_exception is true):
/home/runner/work/raptor/raptor/lib/raptor/response.rb:35:in 'IO#write': Broken pipe (Errno::EPIPE)
	from /home/runner/work/raptor/raptor/lib/raptor/response.rb:35:in 'Raptor::ResponseWriter.write'
	from /home/runner/work/raptor/raptor/lib/raptor/worker.rb:87:in 'block in Raptor::Worker#handle_client'
	from /home/runner/work/raptor/raptor/lib/raptor/worker.rb:70:in 'Kernel#loop'
	from /home/runner/work/raptor/raptor/lib/raptor/worker.rb:70:in 'Raptor::Worker#handle_client'
	from /home/runner/work/raptor/raptor/lib/raptor/worker.rb:62:in 'block in Raptor::Worker#accept_available'
	from /home/runner/work/raptor/raptor/lib/raptor/worker.rb:58:in 'Kernel#loop'
	from /home/runner/work/raptor/raptor/lib/raptor/worker.rb:58:in 'Raptor::Worker#accept_available'
	from /home/runner/work/raptor/raptor/lib/raptor/worker.rb:39:in 'block (2 levels) in Raptor::Worker#run'
	from /home/runner/work/raptor/raptor/lib/raptor/worker.rb:36:in 'Array#each'
	from /home/runner/work/raptor/raptor/lib/raptor/worker.rb:36:in 'block in Raptor::Worker#run'
	from /home/runner/work/raptor/raptor/lib/raptor/worker.rb:29:in 'Kernel#loop'
	from /home/runner/work/raptor/raptor/lib/raptor/worker.rb:29:in 'Raptor::Worker#run'
	from /home/runner/work/raptor/raptor/lib/raptor/worker.rb:14:in 'Raptor::Worker.run'
	from /home/runner/work/raptor/raptor/lib/raptor/server.rb:136:in 'block in Raptor::Server#start_worker'
/home/runner/work/raptor/raptor/lib/raptor/response.rb:39:in 'IO#write': Broken pipe (Errno::EPIPE)
	from /home/runner/work/raptor/raptor/lib/raptor/response.rb:39:in 'block in Raptor::ResponseWriter.write'
	from /home/runner/work/raptor/raptor/lib/raptor/response.rb:36:in 'Hash#each'
	from /home/runner/work/raptor/raptor/lib/raptor/response.rb:36:in 'Raptor::ResponseWriter.write'
	from /home/runner/work/raptor/raptor/lib/raptor/worker.rb:77:in 'block in Raptor::Worker#handle_client'
	from /home/runner/work/raptor/raptor/lib/raptor/worker.rb:70:in 'Kernel#loop'
	from /home/runner/work/raptor/raptor/lib/raptor/worker.rb:70:in 'Raptor::Worker#handle_client'
	from /home/runner/work/raptor/raptor/lib/raptor/worker.rb:62:in 'block in Raptor::Worker#accept_available'
	from /home/runner/work/raptor/raptor/lib/raptor/worker.rb:58:in 'Kernel#loop'
	from /home/runner/work/raptor/raptor/lib/raptor/worker.rb:58:in 'Raptor::Worker#accept_available'
	from /home/runner/work/raptor/raptor/lib/raptor/worker.rb:39:in 'block (2 levels) in Raptor::Worker#run'
	from /home/runner/work/raptor/raptor/lib/raptor/worker.rb:36:in 'Array#each'
	from /home/runner/work/raptor/raptor/lib/raptor/worker.rb:36:in 'block in Raptor::Worker#run'
	from /home/runner/work/raptor/raptor/lib/raptor/worker.rb:29:in 'Kernel#loop'
	from /home/runner/work/raptor/raptor/lib/raptor/worker.rb:29:in 'Raptor::Worker#run'
	from /home/runner/work/raptor/raptor/lib/raptor/worker.rb:14:in 'Raptor::Worker.run'
	from /home/runner/work/raptor/raptor/lib/raptor/server.rb:136:in 'block in Raptor::Server#start_worker'
#<Thread:0x0000ff74199043f8 run> terminated with exception (report_on_exception is true):
/home/runner/work/raptor/raptor/lib/raptor/response.rb:35:in 'IO#write': Broken pipe (Errno::EPIPE)
	from /home/runner/work/raptor/raptor/lib/raptor/response.rb:35:in 'Raptor::ResponseWriter.write'
	from /home/runner/work/raptor/raptor/lib/raptor/worker.rb:87:in 'block in Raptor::Worker#handle_client'
	from /home/runner/work/raptor/raptor/lib/raptor/worker.rb:70:in 'Kernel#loop'
	from /home/runner/work/raptor/raptor/lib/raptor/worker.rb:70:in 'Raptor::Worker#handle_client'
	from /home/runner/work/raptor/raptor/lib/raptor/worker.rb:62:in 'block in Raptor::Worker#accept_available'
	from /home/runner/work/raptor/raptor/lib/raptor/worker.rb:58:in 'Kernel#loop'
	from /home/runner/work/raptor/raptor/lib/raptor/worker.rb:58:in 'Raptor::Worker#accept_available'
	from /home/runner/work/raptor/raptor/lib/raptor/worker.rb:39:in 'block (2 levels) in Raptor::Worker#run'
	from /home/runner/work/raptor/raptor/lib/raptor/worker.rb:36:in 'Array#each'
	from /home/runner/work/raptor/raptor/lib/raptor/worker.rb:36:in 'block in Raptor::Worker#run'
	from /home/runner/work/raptor/raptor/lib/raptor/worker.rb:29:in 'Kernel#loop'
	from /home/runner/work/raptor/raptor/lib/raptor/worker.rb:29:in 'Raptor::Worker#run'
	from /home/runner/work/raptor/raptor/lib/raptor/worker.rb:14:in 'Raptor::Worker.run'
	from /home/runner/work/raptor/raptor/lib/raptor/server.rb:136:in 'block in Raptor::Server#start_worker'
/home/runner/work/raptor/raptor/lib/raptor/response.rb:39:in 'IO#write': Broken pipe (Errno::EPIPE)
	from /home/runner/work/raptor/raptor/lib/raptor/response.rb:39:in 'block in Raptor::ResponseWriter.write'
	from /home/runner/work/raptor/raptor/lib/raptor/response.rb:36:in 'Hash#each'
	from /home/runner/work/raptor/raptor/lib/raptor/response.rb:36:in 'Raptor::ResponseWriter.write'
	from /home/runner/work/raptor/raptor/lib/raptor/worker.rb:77:in 'block in Raptor::Worker#handle_client'
	from /home/runner/work/raptor/raptor/lib/raptor/worker.rb:70:in 'Kernel#loop'
	from /home/runner/work/raptor/raptor/lib/raptor/worker.rb:70:in 'Raptor::Worker#handle_client'
	from /home/runner/work/raptor/raptor/lib/raptor/worker.rb:62:in 'block in Raptor::Worker#accept_available'
	from /home/runner/work/raptor/raptor/lib/raptor/worker.rb:58:in 'Kernel#loop'
	from /home/runner/work/raptor/raptor/lib/raptor/worker.rb:58:in 'Raptor::Worker#accept_available'
	from /home/runner/work/raptor/raptor/lib/raptor/worker.rb:39:in 'block (2 levels) in Raptor::Worker#run'
	from /home/runner/work/raptor/raptor/lib/raptor/worker.rb:36:in 'Array#each'
	from /home/runner/work/raptor/raptor/lib/raptor/worker.rb:36:in 'block in Raptor::Worker#run'
	from /home/runner/work/raptor/raptor/lib/raptor/worker.rb:29:in 'Kernel#loop'
	from /home/runner/work/raptor/raptor/lib/raptor/worker.rb:29:in 'Raptor::Worker#run'
	from /home/runner/work/raptor/raptor/lib/raptor/worker.rb:14:in 'Raptor::Worker.run'
	from /home/runner/work/raptor/raptor/lib/raptor/server.rb:136:in 'block in Raptor::Server#start_worker'
#<Thread:0x0000ff74198fc5e0 run> terminated with exception (report_on_exception is true):
/home/runner/work/raptor/raptor/lib/raptor/response.rb:35:in 'IO#write': Broken pipe (Errno::EPIPE)
	from /home/runner/work/raptor/raptor/lib/raptor/response.rb:35:in 'Raptor::ResponseWriter.write'
	from /home/runner/work/raptor/raptor/lib/raptor/worker.rb:87:in 'block in Raptor::Worker#handle_client'
	from /home/runner/work/raptor/raptor/lib/raptor/worker.rb:70:in 'Kernel#loop'
	from /home/runner/work/raptor/raptor/lib/raptor/worker.rb:70:in 'Raptor::Worker#handle_client'
	from /home/runner/work/raptor/raptor/lib/raptor/worker.rb:62:in 'block in Raptor::Worker#accept_available'
	from /home/runner/work/raptor/raptor/lib/raptor/worker.rb:58:in 'Kernel#loop'
	from /home/runner/work/raptor/raptor/lib/raptor/worker.rb:58:in 'Raptor::Worker#accept_available'
	from /home/runner/work/raptor/raptor/lib/raptor/worker.rb:39:in 'block (2 levels) in Raptor::Worker#run'
	from /home/runner/work/raptor/raptor/lib/raptor/worker.rb:36:in 'Array#each'
	from /home/runner/work/raptor/raptor/lib/raptor/worker.rb:36:in 'block in Raptor::Worker#run'
	from /home/runner/work/raptor/raptor/lib/raptor/worker.rb:29:in 'Kernel#loop'
	from /home/runner/work/raptor/raptor/lib/raptor/worker.rb:29:in 'Raptor::Worker#run'
	from /home/runner/work/raptor/raptor/lib/raptor/worker.rb:14:in 'Raptor::Worker.run'
	from /home/runner/work/raptor/raptor/lib/raptor/server.rb:136:in 'block in Raptor::Server#start_worker'
/home/runner/work/raptor/raptor/lib/raptor/response.rb:39:in 'IO#write': Broken pipe (Errno::EPIPE)
	from /home/runner/work/raptor/raptor/lib/raptor/response.rb:39:in 'block in Raptor::ResponseWriter.write'
	from /home/runner/work/raptor/raptor/lib/raptor/response.rb:36:in 'Hash#each'
	from /home/runner/work/raptor/raptor/lib/raptor/response.rb:36:in 'Raptor::ResponseWriter.write'
	from /home/runner/work/raptor/raptor/lib/raptor/worker.rb:77:in 'block in Raptor::Worker#handle_client'
	from /home/runner/work/raptor/raptor/lib/raptor/worker.rb:70:in 'Kernel#loop'
	from /home/runner/work/raptor/raptor/lib/raptor/worker.rb:70:in 'Raptor::Worker#handle_client'
	from /home/runner/work/raptor/raptor/lib/raptor/worker.rb:62:in 'block in Raptor::Worker#accept_available'
	from /home/runner/work/raptor/raptor/lib/raptor/worker.rb:58:in 'Kernel#loop'
	from /home/runner/work/raptor/raptor/lib/raptor/worker.rb:58:in 'Raptor::Worker#accept_available'
	from /home/runner/work/raptor/raptor/lib/raptor/worker.rb:39:in 'block (2 levels) in Raptor::Worker#run'
	from /home/runner/work/raptor/raptor/lib/raptor/worker.rb:36:in 'Array#each'
	from /home/runner/work/raptor/raptor/lib/raptor/worker.rb:36:in 'block in Raptor::Worker#run'
	from /home/runner/work/raptor/raptor/lib/raptor/worker.rb:29:in 'Kernel#loop'
	from /home/runner/work/raptor/raptor/lib/raptor/worker.rb:29:in 'Raptor::Worker#run'
	from /home/runner/work/raptor/raptor/lib/raptor/worker.rb:14:in 'Raptor::Worker.run'
	from /home/runner/work/raptor/raptor/lib/raptor/server.rb:136:in 'block in Raptor::Server#start_worker'
#<Thread:0x0000ff74198fdaf8 run> terminated with exception (report_on_exception is true):
/home/runner/work/raptor/raptor/lib/raptor/response.rb:35:in 'IO#write': Broken pipe (Errno::EPIPE)
	from /home/runner/work/raptor/raptor/lib/raptor/response.rb:35:in 'Raptor::ResponseWriter.write'
	from /home/runner/work/raptor/raptor/lib/raptor/worker.rb:87:in 'block in Raptor::Worker#handle_client'
	from /home/runner/work/raptor/raptor/lib/raptor/worker.rb:70:in 'Kernel#loop'
	from /home/runner/work/raptor/raptor/lib/raptor/worker.rb:70:in 'Raptor::Worker#handle_client'
	from /home/runner/work/raptor/raptor/lib/raptor/worker.rb:62:in 'block in Raptor::Worker#accept_available'
	from /home/runner/work/raptor/raptor/lib/raptor/worker.rb:58:in 'Kernel#loop'
	from /home/runner/work/raptor/raptor/lib/raptor/worker.rb:58:in 'Raptor::Worker#accept_available'
	from /home/runner/work/raptor/raptor/lib/raptor/worker.rb:39:in 'block (2 levels) in Raptor::Worker#run'
	from /home/runner/work/raptor/raptor/lib/raptor/worker.rb:36:in 'Array#each'
	from /home/runner/work/raptor/raptor/lib/raptor/worker.rb:36:in 'block in Raptor::Worker#run'
	from /home/runner/work/raptor/raptor/lib/raptor/worker.rb:29:in 'Kernel#loop'
	from /home/runner/work/raptor/raptor/lib/raptor/worker.rb:29:in 'Raptor::Worker#run'
	from /home/runner/work/raptor/raptor/lib/raptor/worker.rb:14:in 'Raptor::Worker.run'
	from /home/runner/work/raptor/raptor/lib/raptor/server.rb:136:in 'block in Raptor::Server#start_worker'
/home/runner/work/raptor/raptor/lib/raptor/response.rb:39:in 'IO#write': Broken pipe (Errno::EPIPE)
	from /home/runner/work/raptor/raptor/lib/raptor/response.rb:39:in 'block in Raptor::ResponseWriter.write'
	from /home/runner/work/raptor/raptor/lib/raptor/response.rb:36:in 'Hash#each'
	from /home/runner/work/raptor/raptor/lib/raptor/response.rb:36:in 'Raptor::ResponseWriter.write'
	from /home/runner/work/raptor/raptor/lib/raptor/worker.rb:77:in 'block in Raptor::Worker#handle_client'
	from /home/runner/work/raptor/raptor/lib/raptor/worker.rb:70:in 'Kernel#loop'
	from /home/runner/work/raptor/raptor/lib/raptor/worker.rb:70:in 'Raptor::Worker#handle_client'
	from /home/runner/work/raptor/raptor/lib/raptor/worker.rb:62:in 'block in Raptor::Worker#accept_available'
	from /home/runner/work/raptor/raptor/lib/raptor/worker.rb:58:in 'Kernel#loop'
	from /home/runner/work/raptor/raptor/lib/raptor/worker.rb:58:in 'Raptor::Worker#accept_available'
	from /home/runner/work/raptor/raptor/lib/raptor/worker.rb:39:in 'block (2 levels) in Raptor::Worker#run'
	from /home/runner/work/raptor/raptor/lib/raptor/worker.rb:36:in 'Array#each'
	from /home/runner/work/raptor/raptor/lib/raptor/worker.rb:36:in 'block in Raptor::Worker#run'
	from /home/runner/work/raptor/raptor/lib/raptor/worker.rb:29:in 'Kernel#loop'
	from /home/runner/work/raptor/raptor/lib/raptor/worker.rb:29:in 'Raptor::Worker#run'
	from /home/runner/work/raptor/raptor/lib/raptor/worker.rb:14:in 'Raptor::Worker.run'
	from /home/runner/work/raptor/raptor/lib/raptor/server.rb:136:in 'block in Raptor::Server#start_worker'
#<Thread:0x0000ff74199073c8 run> terminated with exception (report_on_exception is true):
/home/runner/work/raptor/raptor/lib/raptor/response.rb:35:in 'IO#write': Broken pipe (Errno::EPIPE)
	from /home/runner/work/raptor/raptor/lib/raptor/response.rb:35:in 'Raptor::ResponseWriter.write'
	from /home/runner/work/raptor/raptor/lib/raptor/worker.rb:87:in 'block in Raptor::Worker#handle_client'
	from /home/runner/work/raptor/raptor/lib/raptor/worker.rb:70:in 'Kernel#loop'
	from /home/runner/work/raptor/raptor/lib/raptor/worker.rb:70:in 'Raptor::Worker#handle_client'
	from /home/runner/work/raptor/raptor/lib/raptor/worker.rb:62:in 'block in Raptor::Worker#accept_available'
	from /home/runner/work/raptor/raptor/lib/raptor/worker.rb:58:in 'Kernel#loop'
	from /home/runner/work/raptor/raptor/lib/raptor/worker.rb:58:in 'Raptor::Worker#accept_available'
	from /home/runner/work/raptor/raptor/lib/raptor/worker.rb:39:in 'block (2 levels) in Raptor::Worker#run'
	from /home/runner/work/raptor/raptor/lib/raptor/worker.rb:36:in 'Array#each'
	from /home/runner/work/raptor/raptor/lib/raptor/worker.rb:36:in 'block in Raptor::Worker#run'
	from /home/runner/work/raptor/raptor/lib/raptor/worker.rb:29:in 'Kernel#loop'
	from /home/runner/work/raptor/raptor/lib/raptor/worker.rb:29:in 'Raptor::Worker#run'
	from /home/runner/work/raptor/raptor/lib/raptor/worker.rb:14:in 'Raptor::Worker.run'
	from /home/runner/work/raptor/raptor/lib/raptor/server.rb:136:in 'block in Raptor::Server#start_worker'
/home/runner/work/raptor/raptor/lib/raptor/response.rb:39:in 'IO#write': Broken pipe (Errno::EPIPE)
	from /home/runner/work/raptor/raptor/lib/raptor/response.rb:39:in 'block in Raptor::ResponseWriter.write'
	from /home/runner/work/raptor/raptor/lib/raptor/response.rb:36:in 'Hash#each'
	from /home/runner/work/raptor/raptor/lib/raptor/response.rb:36:in 'Raptor::ResponseWriter.write'
	from /home/runner/work/raptor/raptor/lib/raptor/worker.rb:77:in 'block in Raptor::Worker#handle_client'
	from /home/runner/work/raptor/raptor/lib/raptor/worker.rb:70:in 'Kernel#loop'
	from /home/runner/work/raptor/raptor/lib/raptor/worker.rb:70:in 'Raptor::Worker#handle_client'
	from /home/runner/work/raptor/raptor/lib/raptor/worker.rb:62:in 'block in Raptor::Worker#accept_available'
	from /home/runner/work/raptor/raptor/lib/raptor/worker.rb:58:in 'Kernel#loop'
	from /home/runner/work/raptor/raptor/lib/raptor/worker.rb:58:in 'Raptor::Worker#accept_available'
	from /home/runner/work/raptor/raptor/lib/raptor/worker.rb:39:in 'block (2 levels) in Raptor::Worker#run'
	from /home/runner/work/raptor/raptor/lib/raptor/worker.rb:36:in 'Array#each'
	from /home/runner/work/raptor/raptor/lib/raptor/worker.rb:36:in 'block in Raptor::Worker#run'
	from /home/runner/work/raptor/raptor/lib/raptor/worker.rb:29:in 'Kernel#loop'
	from /home/runner/work/raptor/raptor/lib/raptor/worker.rb:29:in 'Raptor::Worker#run'
	from /home/runner/work/raptor/raptor/lib/raptor/worker.rb:14:in 'Raptor::Worker.run'
	from /home/runner/work/raptor/raptor/lib/raptor/server.rb:136:in 'block in Raptor::Server#start_worker'
#<Thread:0x0000ff741990e3a8 run> terminated with exception (report_on_exception is true):
/home/runner/work/raptor/raptor/lib/raptor/response.rb:35:in 'IO#write': Broken pipe (Errno::EPIPE)
	from /home/runner/work/raptor/raptor/lib/raptor/response.rb:35:in 'Raptor::ResponseWriter.write'
	from /home/runner/work/raptor/raptor/lib/raptor/worker.rb:87:in 'block in Raptor::Worker#handle_client'
	from /home/runner/work/raptor/raptor/lib/raptor/worker.rb:70:in 'Kernel#loop'
	from /home/runner/work/raptor/raptor/lib/raptor/worker.rb:70:in 'Raptor::Worker#handle_client'
	from /home/runner/work/raptor/raptor/lib/raptor/worker.rb:62:in 'block in Raptor::Worker#accept_available'
	from /home/runner/work/raptor/raptor/lib/raptor/worker.rb:58:in 'Kernel#loop'
	from /home/runner/work/raptor/raptor/lib/raptor/worker.rb:58:in 'Raptor::Worker#accept_available'
	from /home/runner/work/raptor/raptor/lib/raptor/worker.rb:39:in 'block (2 levels) in Raptor::Worker#run'
	from /home/runner/work/raptor/raptor/lib/raptor/worker.rb:36:in 'Array#each'
	from /home/runner/work/raptor/raptor/lib/raptor/worker.rb:36:in 'block in Raptor::Worker#run'
	from /home/runner/work/raptor/raptor/lib/raptor/worker.rb:29:in 'Kernel#loop'
	from /home/runner/work/raptor/raptor/lib/raptor/worker.rb:29:in 'Raptor::Worker#run'
	from /home/runner/work/raptor/raptor/lib/raptor/worker.rb:14:in 'Raptor::Worker.run'
	from /home/runner/work/raptor/raptor/lib/raptor/server.rb:136:in 'block in Raptor::Server#start_worker'
/home/runner/work/raptor/raptor/lib/raptor/response.rb:39:in 'IO#write': Broken pipe (Errno::EPIPE)
	from /home/runner/work/raptor/raptor/lib/raptor/response.rb:39:in 'block in Raptor::ResponseWriter.write'
	from /home/runner/work/raptor/raptor/lib/raptor/response.rb:36:in 'Hash#each'
	from /home/runner/work/raptor/raptor/lib/raptor/response.rb:36:in 'Raptor::ResponseWriter.write'
	from /home/runner/work/raptor/raptor/lib/raptor/worker.rb:77:in 'block in Raptor::Worker#handle_client'
	from /home/runner/work/raptor/raptor/lib/raptor/worker.rb:70:in 'Kernel#loop'
	from /home/runner/work/raptor/raptor/lib/raptor/worker.rb:70:in 'Raptor::Worker#handle_client'
	from /home/runner/work/raptor/raptor/lib/raptor/worker.rb:62:in 'block in Raptor::Worker#accept_available'
	from /home/runner/work/raptor/raptor/lib/raptor/worker.rb:58:in 'Kernel#loop'
	from /home/runner/work/raptor/raptor/lib/raptor/worker.rb:58:in 'Raptor::Worker#accept_available'
	from /home/runner/work/raptor/raptor/lib/raptor/worker.rb:39:in 'block (2 levels) in Raptor::Worker#run'
	from /home/runner/work/raptor/raptor/lib/raptor/worker.rb:36:in 'Array#each'
	from /home/runner/work/raptor/raptor/lib/raptor/worker.rb:36:in 'block in Raptor::Worker#run'
	from /home/runner/work/raptor/raptor/lib/raptor/worker.rb:29:in 'Kernel#loop'
	from /home/runner/work/raptor/raptor/lib/raptor/worker.rb:29:in 'Raptor::Worker#run'
	from /home/runner/work/raptor/raptor/lib/raptor/worker.rb:14:in 'Raptor::Worker.run'
	from /home/runner/work/raptor/raptor/lib/raptor/server.rb:136:in 'block in Raptor::Server#start_worker'
#<Thread:0x0000ff7419892be0 run> terminated with exception (report_on_exception is true):
/home/runner/work/raptor/raptor/lib/raptor/response.rb:35:in 'IO#write': Broken pipe (Errno::EPIPE)
	from /home/runner/work/raptor/raptor/lib/raptor/response.rb:35:in 'Raptor::ResponseWriter.write'
	from /home/runner/work/raptor/raptor/lib/raptor/worker.rb:87:in 'block in Raptor::Worker#handle_client'
	from /home/runner/work/raptor/raptor/lib/raptor/worker.rb:70:in 'Kernel#loop'
	from /home/runner/work/raptor/raptor/lib/raptor/worker.rb:70:in 'Raptor::Worker#handle_client'
	from /home/runner/work/raptor/raptor/lib/raptor/worker.rb:62:in 'block in Raptor::Worker#accept_available'
	from /home/runner/work/raptor/raptor/lib/raptor/worker.rb:58:in 'Kernel#loop'
	from /home/runner/work/raptor/raptor/lib/raptor/worker.rb:58:in 'Raptor::Worker#accept_available'
	from /home/runner/work/raptor/raptor/lib/raptor/worker.rb:39:in 'block (2 levels) in Raptor::Worker#run'
	from /home/runner/work/raptor/raptor/lib/raptor/worker.rb:36:in 'Array#each'
	from /home/runner/work/raptor/raptor/lib/raptor/worker.rb:36:in 'block in Raptor::Worker#run'
	from /home/runner/work/raptor/raptor/lib/raptor/worker.rb:29:in 'Kernel#loop'
	from /home/runner/work/raptor/raptor/lib/raptor/worker.rb:29:in 'Raptor::Worker#run'
	from /home/runner/work/raptor/raptor/lib/raptor/worker.rb:14:in 'Raptor::Worker.run'
	from /home/runner/work/raptor/raptor/lib/raptor/server.rb:136:in 'block in Raptor::Server#start_worker'
/home/runner/work/raptor/raptor/lib/raptor/response.rb:39:in 'IO#write': Broken pipe (Errno::EPIPE)
	from /home/runner/work/raptor/raptor/lib/raptor/response.rb:39:in 'block in Raptor::ResponseWriter.write'
	from /home/runner/work/raptor/raptor/lib/raptor/response.rb:36:in 'Hash#each'
	from /home/runner/work/raptor/raptor/lib/raptor/response.rb:36:in 'Raptor::ResponseWriter.write'
	from /home/runner/work/raptor/raptor/lib/raptor/worker.rb:77:in 'block in Raptor::Worker#handle_client'
	from /home/runner/work/raptor/raptor/lib/raptor/worker.rb:70:in 'Kernel#loop'
	from /home/runner/work/raptor/raptor/lib/raptor/worker.rb:70:in 'Raptor::Worker#handle_client'
	from /home/runner/work/raptor/raptor/lib/raptor/worker.rb:62:in 'block in Raptor::Worker#accept_available'
	from /home/runner/work/raptor/raptor/lib/raptor/worker.rb:58:in 'Kernel#loop'
	from /home/runner/work/raptor/raptor/lib/raptor/worker.rb:58:in 'Raptor::Worker#accept_available'
	from /home/runner/work/raptor/raptor/lib/raptor/worker.rb:39:in 'block (2 levels) in Raptor::Worker#run'
	from /home/runner/work/raptor/raptor/lib/raptor/worker.rb:36:in 'Array#each'
	from /home/runner/work/raptor/raptor/lib/raptor/worker.rb:36:in 'block in Raptor::Worker#run'
	from /home/runner/work/raptor/raptor/lib/raptor/worker.rb:29:in 'Kernel#loop'
	from /home/runner/work/raptor/raptor/lib/raptor/worker.rb:29:in 'Raptor::Worker#run'
	from /home/runner/work/raptor/raptor/lib/raptor/worker.rb:14:in 'Raptor::Worker.run'
	from /home/runner/work/raptor/raptor/lib/raptor/server.rb:136:in 'block in Raptor::Server#start_worker'
#<Thread:0x0000ff7419909308 run> terminated with exception (report_on_exception is true):
/home/runner/work/raptor/raptor/lib/raptor/response.rb:35:in 'IO#write': Broken pipe (Errno::EPIPE)
	from /home/runner/work/raptor/raptor/lib/raptor/response.rb:35:in 'Raptor::ResponseWriter.write'
	from /home/runner/work/raptor/raptor/lib/raptor/worker.rb:87:in 'block in Raptor::Worker#handle_client'
	from /home/runner/work/raptor/raptor/lib/raptor/worker.rb:70:in 'Kernel#loop'
	from /home/runner/work/raptor/raptor/lib/raptor/worker.rb:70:in 'Raptor::Worker#handle_client'
	from /home/runner/work/raptor/raptor/lib/raptor/worker.rb:62:in 'block in Raptor::Worker#accept_available'
	from /home/runner/work/raptor/raptor/lib/raptor/worker.rb:58:in 'Kernel#loop'
	from /home/runner/work/raptor/raptor/lib/raptor/worker.rb:58:in 'Raptor::Worker#accept_available'
	from /home/runner/work/raptor/raptor/lib/raptor/worker.rb:39:in 'block (2 levels) in Raptor::Worker#run'
	from /home/runner/work/raptor/raptor/lib/raptor/worker.rb:36:in 'Array#each'
	from /home/runner/work/raptor/raptor/lib/raptor/worker.rb:36:in 'block in Raptor::Worker#run'
	from /home/runner/work/raptor/raptor/lib/raptor/worker.rb:29:in 'Kernel#loop'
	from /home/runner/work/raptor/raptor/lib/raptor/worker.rb:29:in 'Raptor::Worker#run'
	from /home/runner/work/raptor/raptor/lib/raptor/worker.rb:14:in 'Raptor::Worker.run'
	from /home/runner/work/raptor/raptor/lib/raptor/server.rb:136:in 'block in Raptor::Server#start_worker'
/home/runner/work/raptor/raptor/lib/raptor/response.rb:39:in 'IO#write': Broken pipe (Errno::EPIPE)
	from /home/runner/work/raptor/raptor/lib/raptor/response.rb:39:in 'block in Raptor::ResponseWriter.write'
	from /home/runner/work/raptor/raptor/lib/raptor/response.rb:36:in 'Hash#each'
	from /home/runner/work/raptor/raptor/lib/raptor/response.rb:36:in 'Raptor::ResponseWriter.write'
	from /home/runner/work/raptor/raptor/lib/raptor/worker.rb:77:in 'block in Raptor::Worker#handle_client'
	from /home/runner/work/raptor/raptor/lib/raptor/worker.rb:70:in 'Kernel#loop'
	from /home/runner/work/raptor/raptor/lib/raptor/worker.rb:70:in 'Raptor::Worker#handle_client'
	from /home/runner/work/raptor/raptor/lib/raptor/worker.rb:62:in 'block in Raptor::Worker#accept_available'
	from /home/runner/work/raptor/raptor/lib/raptor/worker.rb:58:in 'Kernel#loop'
	from /home/runner/work/raptor/raptor/lib/raptor/worker.rb:58:in 'Raptor::Worker#accept_available'
	from /home/runner/work/raptor/raptor/lib/raptor/worker.rb:39:in 'block (2 levels) in Raptor::Worker#run'
	from /home/runner/work/raptor/raptor/lib/raptor/worker.rb:36:in 'Array#each'
	from /home/runner/work/raptor/raptor/lib/raptor/worker.rb:36:in 'block in Raptor::Worker#run'
	from /home/runner/work/raptor/raptor/lib/raptor/worker.rb:29:in 'Kernel#loop'
	from /home/runner/work/raptor/raptor/lib/raptor/worker.rb:29:in 'Raptor::Worker#run'
	from /home/runner/work/raptor/raptor/lib/raptor/worker.rb:14:in 'Raptor::Worker.run'
	from /home/runner/work/raptor/raptor/lib/raptor/server.rb:136:in 'block in Raptor::Server#start_worker'
#<Thread:0x0000ff74198f9278 run> terminated with exception (report_on_exception is true):
/home/runner/work/raptor/raptor/lib/raptor/response.rb:35:in 'IO#write': Broken pipe (Errno::EPIPE)
	from /home/runner/work/raptor/raptor/lib/raptor/response.rb:35:in 'Raptor::ResponseWriter.write'
	from /home/runner/work/raptor/raptor/lib/raptor/worker.rb:87:in 'block in Raptor::Worker#handle_client'
	from /home/runner/work/raptor/raptor/lib/raptor/worker.rb:70:in 'Kernel#loop'
	from /home/runner/work/raptor/raptor/lib/raptor/worker.rb:70:in 'Raptor::Worker#handle_client'
	from /home/runner/work/raptor/raptor/lib/raptor/worker.rb:62:in 'block in Raptor::Worker#accept_available'
	from /home/runner/work/raptor/raptor/lib/raptor/worker.rb:58:in 'Kernel#loop'
	from /home/runner/work/raptor/raptor/lib/raptor/worker.rb:58:in 'Raptor::Worker#accept_available'
	from /home/runner/work/raptor/raptor/lib/raptor/worker.rb:39:in 'block (2 levels) in Raptor::Worker#run'
	from /home/runner/work/raptor/raptor/lib/raptor/worker.rb:36:in 'Array#each'
	from /home/runner/work/raptor/raptor/lib/raptor/worker.rb:36:in 'block in Raptor::Worker#run'
	from /home/runner/work/raptor/raptor/lib/raptor/worker.rb:29:in 'Kernel#loop'
	from /home/runner/work/raptor/raptor/lib/raptor/worker.rb:29:in 'Raptor::Worker#run'
	from /home/runner/work/raptor/raptor/lib/raptor/worker.rb:14:in 'Raptor::Worker.run'
	from /home/runner/work/raptor/raptor/lib/raptor/server.rb:136:in 'block in Raptor::Server#start_worker'
/home/runner/work/raptor/raptor/lib/raptor/response.rb:39:in 'IO#write': Broken pipe (Errno::EPIPE)
	from /home/runner/work/raptor/raptor/lib/raptor/response.rb:39:in 'block in Raptor::ResponseWriter.write'
	from /home/runner/work/raptor/raptor/lib/raptor/response.rb:36:in 'Hash#each'
	from /home/runner/work/raptor/raptor/lib/raptor/response.rb:36:in 'Raptor::ResponseWriter.write'
	from /home/runner/work/raptor/raptor/lib/raptor/worker.rb:77:in 'block in Raptor::Worker#handle_client'
	from /home/runner/work/raptor/raptor/lib/raptor/worker.rb:70:in 'Kernel#loop'
	from /home/runner/work/raptor/raptor/lib/raptor/worker.rb:70:in 'Raptor::Worker#handle_client'
	from /home/runner/work/raptor/raptor/lib/raptor/worker.rb:62:in 'block in Raptor::Worker#accept_available'
	from /home/runner/work/raptor/raptor/lib/raptor/worker.rb:58:in 'Kernel#loop'
	from /home/runner/work/raptor/raptor/lib/raptor/worker.rb:58:in 'Raptor::Worker#accept_available'
	from /home/runner/work/raptor/raptor/lib/raptor/worker.rb:39:in 'block (2 levels) in Raptor::Worker#run'
	from /home/runner/work/raptor/raptor/lib/raptor/worker.rb:36:in 'Array#each'
	from /home/runner/work/raptor/raptor/lib/raptor/worker.rb:36:in 'block in Raptor::Worker#run'
	from /home/runner/work/raptor/raptor/lib/raptor/worker.rb:29:in 'Kernel#loop'
	from /home/runner/work/raptor/raptor/lib/raptor/worker.rb:29:in 'Raptor::Worker#run'
	from /home/runner/work/raptor/raptor/lib/raptor/worker.rb:14:in 'Raptor::Worker.run'
	from /home/runner/work/raptor/raptor/lib/raptor/server.rb:136:in 'block in Raptor::Server#start_worker'
