/home/runner/work/raptor/raptor/lib/raptor/server.rb:134: warning: Ractor API is experimental and may change in future versions of Ruby.
#<Thread:0x0000ff41ce8a4f48 run> terminated with exception (report_on_exception is true):
#<Thread:0x0000ff41ce8a4480 run> terminated with exception (report_on_exception is true):
/home/runner/work/raptor/raptor/lib/raptor/response.rb:35:in 'IO#write': Broken pipe (Errno::EPIPE)/home/runner/work/raptor/raptor/lib/raptor/response.rb:35:in 'IO#write'
: 	from /home/runner/work/raptor/raptor/lib/raptor/response.rb:35:in 'Raptor::ResponseWriter.write'
Broken pipe (Errno::EPIPE)	from /home/runner/work/raptor/raptor/lib/raptor/worker.rb:87:in 'block in Raptor::Worker#handle_client'

	from /home/runner/work/raptor/raptor/lib/raptor/worker.rb:70:in 'Kernel#loop'
	from /home/runner/work/raptor/raptor/lib/raptor/response.rb:35:in 'Raptor::ResponseWriter.write'
	from /home/runner/work/raptor/raptor/lib/raptor/worker.rb:70:in 'Raptor::Worker#handle_client'
	from /home/runner/work/raptor/raptor/lib/raptor/worker.rb:87:in 'block in Raptor::Worker#handle_client'
	from /home/runner/work/raptor/raptor/lib/raptor/worker.rb:62:in 'block in Raptor::Worker#accept_available'
	from /home/runner/work/raptor/raptor/lib/raptor/worker.rb:70:in 'Kernel#loop'
	from /home/runner/work/raptor/raptor/lib/raptor/worker.rb:58:in 'Kernel#loop'
	from /home/runner/work/raptor/raptor/lib/raptor/worker.rb:70:in 'Raptor::Worker#handle_client'
	from /home/runner/work/raptor/raptor/lib/raptor/worker.rb:58:in 'Raptor::Worker#accept_available'
	from /home/runner/work/raptor/raptor/lib/raptor/worker.rb:62:in 'block in Raptor::Worker#accept_available'
	from /home/runner/work/raptor/raptor/lib/raptor/worker.rb:39:in 'block (2 levels) in Raptor::Worker#run'
	from /home/runner/work/raptor/raptor/lib/raptor/worker.rb:58:in 'Kernel#loop'
	from /home/runner/work/raptor/raptor/lib/raptor/worker.rb:36:in 'Array#each'
	from /home/runner/work/raptor/raptor/lib/raptor/worker.rb:58:in 'Raptor::Worker#accept_available'
	from /home/runner/work/raptor/raptor/lib/raptor/worker.rb:36:in 'block in Raptor::Worker#run'
	from /home/runner/work/raptor/raptor/lib/raptor/worker.rb:39:in 'block (2 levels) in Raptor::Worker#run'
	from /home/runner/work/raptor/raptor/lib/raptor/worker.rb:29:in 'Kernel#loop'
	from /home/runner/work/raptor/raptor/lib/raptor/worker.rb:36:in 'Array#each'
	from /home/runner/work/raptor/raptor/lib/raptor/worker.rb:29:in 'Raptor::Worker#run'
	from /home/runner/work/raptor/raptor/lib/raptor/worker.rb:36:in 'block in Raptor::Worker#run'
	from /home/runner/work/raptor/raptor/lib/raptor/worker.rb:14:in 'Raptor::Worker.run'
	from /home/runner/work/raptor/raptor/lib/raptor/worker.rb:29:in 'Kernel#loop'
	from /home/runner/work/raptor/raptor/lib/raptor/server.rb:136:in 'block in Raptor::Server#start_worker'
	from /home/runner/work/raptor/raptor/lib/raptor/worker.rb:29:in 'Raptor::Worker#run'
	from /home/runner/work/raptor/raptor/lib/raptor/worker.rb:14:in 'Raptor::Worker.run'
	from /home/runner/work/raptor/raptor/lib/raptor/server.rb:136:in 'block in Raptor::Server#start_worker'
/home/runner/work/raptor/raptor/lib/raptor/response.rb:39:in 'IO#write': /home/runner/work/raptor/raptor/lib/raptor/response.rb:39:in 'IO#write'Broken pipe (Errno::EPIPE): 
Broken pipe (Errno::EPIPE)	from /home/runner/work/raptor/raptor/lib/raptor/response.rb:39:in 'block in Raptor::ResponseWriter.write'

	from /home/runner/work/raptor/raptor/lib/raptor/response.rb:36:in 'Hash#each'
	from /home/runner/work/raptor/raptor/lib/raptor/response.rb:39:in 'block in Raptor::ResponseWriter.write'
	from /home/runner/work/raptor/raptor/lib/raptor/response.rb:36:in 'Raptor::ResponseWriter.write'
	from /home/runner/work/raptor/raptor/lib/raptor/response.rb:36:in 'Hash#each'
	from /home/runner/work/raptor/raptor/lib/raptor/worker.rb:77:in 'block in Raptor::Worker#handle_client'
	from /home/runner/work/raptor/raptor/lib/raptor/response.rb:36:in 'Raptor::ResponseWriter.write'
	from /home/runner/work/raptor/raptor/lib/raptor/worker.rb:70:in 'Kernel#loop'
	from /home/runner/work/raptor/raptor/lib/raptor/worker.rb:77:in 'block in Raptor::Worker#handle_client'
	from /home/runner/work/raptor/raptor/lib/raptor/worker.rb:70:in 'Raptor::Worker#handle_client'
	from /home/runner/work/raptor/raptor/lib/raptor/worker.rb:70:in 'Kernel#loop'
	from /home/runner/work/raptor/raptor/lib/raptor/worker.rb:62:in 'block in Raptor::Worker#accept_available'
	from /home/runner/work/raptor/raptor/lib/raptor/worker.rb:70:in 'Raptor::Worker#handle_client'
	from /home/runner/work/raptor/raptor/lib/raptor/worker.rb:58:in 'Kernel#loop'
	from /home/runner/work/raptor/raptor/lib/raptor/worker.rb:62:in 'block in Raptor::Worker#accept_available'
	from /home/runner/work/raptor/raptor/lib/raptor/worker.rb:58:in 'Raptor::Worker#accept_available'
	from /home/runner/work/raptor/raptor/lib/raptor/worker.rb:58:in 'Kernel#loop'
	from /home/runner/work/raptor/raptor/lib/raptor/worker.rb:39:in 'block (2 levels) in Raptor::Worker#run'
	from /home/runner/work/raptor/raptor/lib/raptor/worker.rb:58:in 'Raptor::Worker#accept_available'
	from /home/runner/work/raptor/raptor/lib/raptor/worker.rb:36:in 'Array#each'
	from /home/runner/work/raptor/raptor/lib/raptor/worker.rb:39:in 'block (2 levels) in Raptor::Worker#run'
	from /home/runner/work/raptor/raptor/lib/raptor/worker.rb:36:in 'block in Raptor::Worker#run'
	from /home/runner/work/raptor/raptor/lib/raptor/worker.rb:36:in 'Array#each'
	from /home/runner/work/raptor/raptor/lib/raptor/worker.rb:29:in 'Kernel#loop'
	from /home/runner/work/raptor/raptor/lib/raptor/worker.rb:36:in 'block in Raptor::Worker#run'
	from /home/runner/work/raptor/raptor/lib/raptor/worker.rb:29:in 'Raptor::Worker#run'
	from /home/runner/work/raptor/raptor/lib/raptor/worker.rb:29:in 'Kernel#loop'
	from /home/runner/work/raptor/raptor/lib/raptor/worker.rb:14:in 'Raptor::Worker.run'
	from /home/runner/work/raptor/raptor/lib/raptor/worker.rb:29:in 'Raptor::Worker#run'
	from /home/runner/work/raptor/raptor/lib/raptor/server.rb:136:in 'block in Raptor::Server#start_worker'
	from /home/runner/work/raptor/raptor/lib/raptor/worker.rb:14:in 'Raptor::Worker.run'
	from /home/runner/work/raptor/raptor/lib/raptor/server.rb:136:in 'block in Raptor::Server#start_worker'
#<Thread:0x0000ff41cecdf888 run> terminated with exception (report_on_exception is true):
/home/runner/work/raptor/raptor/lib/raptor/response.rb:35:in 'IO#write': Broken pipe (Errno::EPIPE)
	from /home/runner/work/raptor/raptor/lib/raptor/response.rb:35:in 'Raptor::ResponseWriter.write'
	from /home/runner/work/raptor/raptor/lib/raptor/worker.rb:87:in 'block in Raptor::Worker#handle_client'
	from /home/runner/work/raptor/raptor/lib/raptor/worker.rb:70:in 'Kernel#loop'
	from /home/runner/work/raptor/raptor/lib/raptor/worker.rb:70:in 'Raptor::Worker#handle_client'
	from /home/runner/work/raptor/raptor/lib/raptor/worker.rb:62:in 'block in Raptor::Worker#accept_available'
	from /home/runner/work/raptor/raptor/lib/raptor/worker.rb:58:in 'Kernel#loop'
	from /home/runner/work/raptor/raptor/lib/raptor/worker.rb:58:in 'Raptor::Worker#accept_available'
	from /home/runner/work/raptor/raptor/lib/raptor/worker.rb:39:in 'block (2 levels) in Raptor::Worker#run'
	from /home/runner/work/raptor/raptor/lib/raptor/worker.rb:36:in 'Array#each'
	from /home/runner/work/raptor/raptor/lib/raptor/worker.rb:36:in 'block in Raptor::Worker#run'
	from /home/runner/work/raptor/raptor/lib/raptor/worker.rb:29:in 'Kernel#loop'
	from /home/runner/work/raptor/raptor/lib/raptor/worker.rb:29:in 'Raptor::Worker#run'
	from /home/runner/work/raptor/raptor/lib/raptor/worker.rb:14:in 'Raptor::Worker.run'
	from /home/runner/work/raptor/raptor/lib/raptor/server.rb:136:in 'block in Raptor::Server#start_worker'
/home/runner/work/raptor/raptor/lib/raptor/response.rb:39:in 'IO#write': Broken pipe (Errno::EPIPE)
	from /home/runner/work/raptor/raptor/lib/raptor/response.rb:39:in 'block in Raptor::ResponseWriter.write'
	from /home/runner/work/raptor/raptor/lib/raptor/response.rb:36:in 'Hash#each'
	from /home/runner/work/raptor/raptor/lib/raptor/response.rb:36:in 'Raptor::ResponseWriter.write'
	from /home/runner/work/raptor/raptor/lib/raptor/worker.rb:77:in 'block in Raptor::Worker#handle_client'
	from /home/runner/work/raptor/raptor/lib/raptor/worker.rb:70:in 'Kernel#loop'
	from /home/runner/work/raptor/raptor/lib/raptor/worker.rb:70:in 'Raptor::Worker#handle_client'
	from /home/runner/work/raptor/raptor/lib/raptor/worker.rb:62:in 'block in Raptor::Worker#accept_available'
	from /home/runner/work/raptor/raptor/lib/raptor/worker.rb:58:in 'Kernel#loop'
	from /home/runner/work/raptor/raptor/lib/raptor/worker.rb:58:in 'Raptor::Worker#accept_available'
	from /home/runner/work/raptor/raptor/lib/raptor/worker.rb:39:in 'block (2 levels) in Raptor::Worker#run'
	from /home/runner/work/raptor/raptor/lib/raptor/worker.rb:36:in 'Array#each'
	from /home/runner/work/raptor/raptor/lib/raptor/worker.rb:36:in 'block in Raptor::Worker#run'
	from /home/runner/work/raptor/raptor/lib/raptor/worker.rb:29:in 'Kernel#loop'
	from /home/runner/work/raptor/raptor/lib/raptor/worker.rb:29:in 'Raptor::Worker#run'
	from /home/runner/work/raptor/raptor/lib/raptor/worker.rb:14:in 'Raptor::Worker.run'
	from /home/runner/work/raptor/raptor/lib/raptor/server.rb:136:in 'block in Raptor::Server#start_worker'
#<Thread:0x0000ff41ce787688 run> terminated with exception (report_on_exception is true):
/home/runner/work/raptor/raptor/lib/raptor/response.rb:35:in 'IO#write': Broken pipe (Errno::EPIPE)
	from /home/runner/work/raptor/raptor/lib/raptor/response.rb:35:in 'Raptor::ResponseWriter.write'
	from /home/runner/work/raptor/raptor/lib/raptor/worker.rb:87:in 'block in Raptor::Worker#handle_client'
	from /home/runner/work/raptor/raptor/lib/raptor/worker.rb:70:in 'Kernel#loop'
	from /home/runner/work/raptor/raptor/lib/raptor/worker.rb:70:in 'Raptor::Worker#handle_client'
	from /home/runner/work/raptor/raptor/lib/raptor/worker.rb:62:in 'block in Raptor::Worker#accept_available'
	from /home/runner/work/raptor/raptor/lib/raptor/worker.rb:58:in 'Kernel#loop'
	from /home/runner/work/raptor/raptor/lib/raptor/worker.rb:58:in 'Raptor::Worker#accept_available'
	from /home/runner/work/raptor/raptor/lib/raptor/worker.rb:39:in 'block (2 levels) in Raptor::Worker#run'
	from /home/runner/work/raptor/raptor/lib/raptor/worker.rb:36:in 'Array#each'
	from /home/runner/work/raptor/raptor/lib/raptor/worker.rb:36:in 'block in Raptor::Worker#run'
	from /home/runner/work/raptor/raptor/lib/raptor/worker.rb:29:in 'Kernel#loop'
	from /home/runner/work/raptor/raptor/lib/raptor/worker.rb:29:in 'Raptor::Worker#run'
	from /home/runner/work/raptor/raptor/lib/raptor/worker.rb:14:in 'Raptor::Worker.run'
	from /home/runner/work/raptor/raptor/lib/raptor/server.rb:136:in 'block in Raptor::Server#start_worker'
/home/runner/work/raptor/raptor/lib/raptor/response.rb:39:in 'IO#write': Broken pipe (Errno::EPIPE)
	from /home/runner/work/raptor/raptor/lib/raptor/response.rb:39:in 'block in Raptor::ResponseWriter.write'
	from /home/runner/work/raptor/raptor/lib/raptor/response.rb:36:in 'Hash#each'
	from /home/runner/work/raptor/raptor/lib/raptor/response.rb:36:in 'Raptor::ResponseWriter.write'
	from /home/runner/work/raptor/raptor/lib/raptor/worker.rb:77:in 'block in Raptor::Worker#handle_client'
	from /home/runner/work/raptor/raptor/lib/raptor/worker.rb:70:in 'Kernel#loop'
	from /home/runner/work/raptor/raptor/lib/raptor/worker.rb:70:in 'Raptor::Worker#handle_client'
	from /home/runner/work/raptor/raptor/lib/raptor/worker.rb:62:in 'block in Raptor::Worker#accept_available'
	from /home/runner/work/raptor/raptor/lib/raptor/worker.rb:58:in 'Kernel#loop'
	from /home/runner/work/raptor/raptor/lib/raptor/worker.rb:58:in 'Raptor::Worker#accept_available'
	from /home/runner/work/raptor/raptor/lib/raptor/worker.rb:39:in 'block (2 levels) in Raptor::Worker#run'
	from /home/runner/work/raptor/raptor/lib/raptor/worker.rb:36:in 'Array#each'
	from /home/runner/work/raptor/raptor/lib/raptor/worker.rb:36:in 'block in Raptor::Worker#run'
	from /home/runner/work/raptor/raptor/lib/raptor/worker.rb:29:in 'Kernel#loop'
	from /home/runner/work/raptor/raptor/lib/raptor/worker.rb:29:in 'Raptor::Worker#run'
	from /home/runner/work/raptor/raptor/lib/raptor/worker.rb:14:in 'Raptor::Worker.run'
	from /home/runner/work/raptor/raptor/lib/raptor/server.rb:136:in 'block in Raptor::Server#start_worker'
#<Thread:0x0000ff41cecdc868 run> terminated with exception (report_on_exception is true):
/home/runner/work/raptor/raptor/lib/raptor/response.rb:35:in 'IO#write': Broken pipe (Errno::EPIPE)
	from /home/runner/work/raptor/raptor/lib/raptor/response.rb:35:in 'Raptor::ResponseWriter.write'
	from /home/runner/work/raptor/raptor/lib/raptor/worker.rb:87:in 'block in Raptor::Worker#handle_client'
	from /home/runner/work/raptor/raptor/lib/raptor/worker.rb:70:in 'Kernel#loop'
	from /home/runner/work/raptor/raptor/lib/raptor/worker.rb:70:in 'Raptor::Worker#handle_client'
	from /home/runner/work/raptor/raptor/lib/raptor/worker.rb:62:in 'block in Raptor::Worker#accept_available'
	from /home/runner/work/raptor/raptor/lib/raptor/worker.rb:58:in 'Kernel#loop'
	from /home/runner/work/raptor/raptor/lib/raptor/worker.rb:58:in 'Raptor::Worker#accept_available'
	from /home/runner/work/raptor/raptor/lib/raptor/worker.rb:39:in 'block (2 levels) in Raptor::Worker#run'
	from /home/runner/work/raptor/raptor/lib/raptor/worker.rb:36:in 'Array#each'
	from /home/runner/work/raptor/raptor/lib/raptor/worker.rb:36:in 'block in Raptor::Worker#run'
	from /home/runner/work/raptor/raptor/lib/raptor/worker.rb:29:in 'Kernel#loop'
	from /home/runner/work/raptor/raptor/lib/raptor/worker.rb:29:in 'Raptor::Worker#run'
	from /home/runner/work/raptor/raptor/lib/raptor/worker.rb:14:in 'Raptor::Worker.run'
	from /home/runner/work/raptor/raptor/lib/raptor/server.rb:136:in 'block in Raptor::Server#start_worker'
/home/runner/work/raptor/raptor/lib/raptor/response.rb:39:in 'IO#write': Broken pipe (Errno::EPIPE)
	from /home/runner/work/raptor/raptor/lib/raptor/response.rb:39:in 'block in Raptor::ResponseWriter.write'
	from /home/runner/work/raptor/raptor/lib/raptor/response.rb:36:in 'Hash#each'
	from /home/runner/work/raptor/raptor/lib/raptor/response.rb:36:in 'Raptor::ResponseWriter.write'
	from /home/runner/work/raptor/raptor/lib/raptor/worker.rb:77:in 'block in Raptor::Worker#handle_client'
	from /home/runner/work/raptor/raptor/lib/raptor/worker.rb:70:in 'Kernel#loop'
	from /home/runner/work/raptor/raptor/lib/raptor/worker.rb:70:in 'Raptor::Worker#handle_client'
	from /home/runner/work/raptor/raptor/lib/raptor/worker.rb:62:in 'block in Raptor::Worker#accept_available'
	from /home/runner/work/raptor/raptor/lib/raptor/worker.rb:58:in 'Kernel#loop'
	from /home/runner/work/raptor/raptor/lib/raptor/worker.rb:58:in 'Raptor::Worker#accept_available'
	from /home/runner/work/raptor/raptor/lib/raptor/worker.rb:39:in 'block (2 levels) in Raptor::Worker#run'
	from /home/runner/work/raptor/raptor/lib/raptor/worker.rb:36:in 'Array#each'
	from /home/runner/work/raptor/raptor/lib/raptor/worker.rb:36:in 'block in Raptor::Worker#run'
	from /home/runner/work/raptor/raptor/lib/raptor/worker.rb:29:in 'Kernel#loop'
	from /home/runner/work/raptor/raptor/lib/raptor/worker.rb:29:in 'Raptor::Worker#run'
	from /home/runner/work/raptor/raptor/lib/raptor/worker.rb:14:in 'Raptor::Worker.run'
	from /home/runner/work/raptor/raptor/lib/raptor/server.rb:136:in 'block in Raptor::Server#start_worker'
#<Thread:0x0000ff41ce8a2d38 run> terminated with exception (report_on_exception is true):
/home/runner/work/raptor/raptor/lib/raptor/response.rb:35:in 'IO#write': Broken pipe (Errno::EPIPE)
	from /home/runner/work/raptor/raptor/lib/raptor/response.rb:35:in 'Raptor::ResponseWriter.write'
	from /home/runner/work/raptor/raptor/lib/raptor/worker.rb:87:in 'block in Raptor::Worker#handle_client'
	from /home/runner/work/raptor/raptor/lib/raptor/worker.rb:70:in 'Kernel#loop'
	from /home/runner/work/raptor/raptor/lib/raptor/worker.rb:70:in 'Raptor::Worker#handle_client'
	from /home/runner/work/raptor/raptor/lib/raptor/worker.rb:62:in 'block in Raptor::Worker#accept_available'
	from /home/runner/work/raptor/raptor/lib/raptor/worker.rb:58:in 'Kernel#loop'
	from /home/runner/work/raptor/raptor/lib/raptor/worker.rb:58:in 'Raptor::Worker#accept_available'
	from /home/runner/work/raptor/raptor/lib/raptor/worker.rb:39:in 'block (2 levels) in Raptor::Worker#run'
	from /home/runner/work/raptor/raptor/lib/raptor/worker.rb:36:in 'Array#each'
	from /home/runner/work/raptor/raptor/lib/raptor/worker.rb:36:in 'block in Raptor::Worker#run'
	from /home/runner/work/raptor/raptor/lib/raptor/worker.rb:29:in 'Kernel#loop'
	from /home/runner/work/raptor/raptor/lib/raptor/worker.rb:29:in 'Raptor::Worker#run'
	from /home/runner/work/raptor/raptor/lib/raptor/worker.rb:14:in 'Raptor::Worker.run'
	from /home/runner/work/raptor/raptor/lib/raptor/server.rb:136:in 'block in Raptor::Server#start_worker'
/home/runner/work/raptor/raptor/lib/raptor/response.rb:39:in 'IO#write': Broken pipe (Errno::EPIPE)
	from /home/runner/work/raptor/raptor/lib/raptor/response.rb:39:in 'block in Raptor::ResponseWriter.write'
	from /home/runner/work/raptor/raptor/lib/raptor/response.rb:36:in 'Hash#each'
	from /home/runner/work/raptor/raptor/lib/raptor/response.rb:36:in 'Raptor::ResponseWriter.write'
	from /home/runner/work/raptor/raptor/lib/raptor/worker.rb:77:in 'block in Raptor::Worker#handle_client'
	from /home/runner/work/raptor/raptor/lib/raptor/worker.rb:70:in 'Kernel#loop'
	from /home/runner/work/raptor/raptor/lib/raptor/worker.rb:70:in 'Raptor::Worker#handle_client'
	from /home/runner/work/raptor/raptor/lib/raptor/worker.rb:62:in 'block in Raptor::Worker#accept_available'
	from /home/runner/work/raptor/raptor/lib/raptor/worker.rb:58:in 'Kernel#loop'
	from /home/runner/work/raptor/raptor/lib/raptor/worker.rb:58:in 'Raptor::Worker#accept_available'
	from /home/runner/work/raptor/raptor/lib/raptor/worker.rb:39:in 'block (2 levels) in Raptor::Worker#run'
	from /home/runner/work/raptor/raptor/lib/raptor/worker.rb:36:in 'Array#each'
	from /home/runner/work/raptor/raptor/lib/raptor/worker.rb:36:in 'block in Raptor::Worker#run'
	from /home/runner/work/raptor/raptor/lib/raptor/worker.rb:29:in 'Kernel#loop'
	from /home/runner/work/raptor/raptor/lib/raptor/worker.rb:29:in 'Raptor::Worker#run'
	from /home/runner/work/raptor/raptor/lib/raptor/worker.rb:14:in 'Raptor::Worker.run'
	from /home/runner/work/raptor/raptor/lib/raptor/server.rb:136:in 'block in Raptor::Server#start_worker'
#<Thread:0x0000ff41cec72f80 run> terminated with exception (report_on_exception is true):
/home/runner/work/raptor/raptor/lib/raptor/response.rb:35:in 'IO#write': Broken pipe (Errno::EPIPE)
	from /home/runner/work/raptor/raptor/lib/raptor/response.rb:35:in 'Raptor::ResponseWriter.write'
	from /home/runner/work/raptor/raptor/lib/raptor/worker.rb:87:in 'block in Raptor::Worker#handle_client'
	from /home/runner/work/raptor/raptor/lib/raptor/worker.rb:70:in 'Kernel#loop'
	from /home/runner/work/raptor/raptor/lib/raptor/worker.rb:70:in 'Raptor::Worker#handle_client'
	from /home/runner/work/raptor/raptor/lib/raptor/worker.rb:62:in 'block in Raptor::Worker#accept_available'
	from /home/runner/work/raptor/raptor/lib/raptor/worker.rb:58:in 'Kernel#loop'
	from /home/runner/work/raptor/raptor/lib/raptor/worker.rb:58:in 'Raptor::Worker#accept_available'
	from /home/runner/work/raptor/raptor/lib/raptor/worker.rb:39:in 'block (2 levels) in Raptor::Worker#run'
	from /home/runner/work/raptor/raptor/lib/raptor/worker.rb:36:in 'Array#each'
	from /home/runner/work/raptor/raptor/lib/raptor/worker.rb:36:in 'block in Raptor::Worker#run'
	from /home/runner/work/raptor/raptor/lib/raptor/worker.rb:29:in 'Kernel#loop'
	from /home/runner/work/raptor/raptor/lib/raptor/worker.rb:29:in 'Raptor::Worker#run'
	from /home/runner/work/raptor/raptor/lib/raptor/worker.rb:14:in 'Raptor::Worker.run'
	from /home/runner/work/raptor/raptor/lib/raptor/server.rb:136:in 'block in Raptor::Server#start_worker'
/home/runner/work/raptor/raptor/lib/raptor/response.rb:39:in 'IO#write': Broken pipe (Errno::EPIPE)
	from /home/runner/work/raptor/raptor/lib/raptor/response.rb:39:in 'block in Raptor::ResponseWriter.write'
	from /home/runner/work/raptor/raptor/lib/raptor/response.rb:36:in 'Hash#each'
	from /home/runner/work/raptor/raptor/lib/raptor/response.rb:36:in 'Raptor::ResponseWriter.write'
	from /home/runner/work/raptor/raptor/lib/raptor/worker.rb:77:in 'block in Raptor::Worker#handle_client'
	from /home/runner/work/raptor/raptor/lib/raptor/worker.rb:70:in 'Kernel#loop'
	from /home/runner/work/raptor/raptor/lib/raptor/worker.rb:70:in 'Raptor::Worker#handle_client'
	from /home/runner/work/raptor/raptor/lib/raptor/worker.rb:62:in 'block in Raptor::Worker#accept_available'
	from /home/runner/work/raptor/raptor/lib/raptor/worker.rb:58:in 'Kernel#loop'
	from /home/runner/work/raptor/raptor/lib/raptor/worker.rb:58:in 'Raptor::Worker#accept_available'
	from /home/runner/work/raptor/raptor/lib/raptor/worker.rb:39:in 'block (2 levels) in Raptor::Worker#run'
	from /home/runner/work/raptor/raptor/lib/raptor/worker.rb:36:in 'Array#each'
	from /home/runner/work/raptor/raptor/lib/raptor/worker.rb:36:in 'block in Raptor::Worker#run'
	from /home/runner/work/raptor/raptor/lib/raptor/worker.rb:29:in 'Kernel#loop'
	from /home/runner/work/raptor/raptor/lib/raptor/worker.rb:29:in 'Raptor::Worker#run'
	from /home/runner/work/raptor/raptor/lib/raptor/worker.rb:14:in 'Raptor::Worker.run'
	from /home/runner/work/raptor/raptor/lib/raptor/server.rb:136:in 'block in Raptor::Server#start_worker'
#<Thread:0x0000ff41ce788fd8 run> terminated with exception (report_on_exception is true):
/home/runner/work/raptor/raptor/lib/raptor/response.rb:35:in 'IO#write': Broken pipe (Errno::EPIPE)
	from /home/runner/work/raptor/raptor/lib/raptor/response.rb:35:in 'Raptor::ResponseWriter.write'
	from /home/runner/work/raptor/raptor/lib/raptor/worker.rb:87:in 'block in Raptor::Worker#handle_client'
	from /home/runner/work/raptor/raptor/lib/raptor/worker.rb:70:in 'Kernel#loop'
	from /home/runner/work/raptor/raptor/lib/raptor/worker.rb:70:in 'Raptor::Worker#handle_client'
	from /home/runner/work/raptor/raptor/lib/raptor/worker.rb:62:in 'block in Raptor::Worker#accept_available'
	from /home/runner/work/raptor/raptor/lib/raptor/worker.rb:58:in 'Kernel#loop'
	from /home/runner/work/raptor/raptor/lib/raptor/worker.rb:58:in 'Raptor::Worker#accept_available'
	from /home/runner/work/raptor/raptor/lib/raptor/worker.rb:39:in 'block (2 levels) in Raptor::Worker#run'
	from /home/runner/work/raptor/raptor/lib/raptor/worker.rb:36:in 'Array#each'
	from /home/runner/work/raptor/raptor/lib/raptor/worker.rb:36:in 'block in Raptor::Worker#run'
	from /home/runner/work/raptor/raptor/lib/raptor/worker.rb:29:in 'Kernel#loop'
	from /home/runner/work/raptor/raptor/lib/raptor/worker.rb:29:in 'Raptor::Worker#run'
	from /home/runner/work/raptor/raptor/lib/raptor/worker.rb:14:in 'Raptor::Worker.run'
	from /home/runner/work/raptor/raptor/lib/raptor/server.rb:136:in 'block in Raptor::Server#start_worker'
/home/runner/work/raptor/raptor/lib/raptor/response.rb:39:in 'IO#write': Broken pipe (Errno::EPIPE)
	from /home/runner/work/raptor/raptor/lib/raptor/response.rb:39:in 'block in Raptor::ResponseWriter.write'
	from /home/runner/work/raptor/raptor/lib/raptor/response.rb:36:in 'Hash#each'
	from /home/runner/work/raptor/raptor/lib/raptor/response.rb:36:in 'Raptor::ResponseWriter.write'
	from /home/runner/work/raptor/raptor/lib/raptor/worker.rb:77:in 'block in Raptor::Worker#handle_client'
	from /home/runner/work/raptor/raptor/lib/raptor/worker.rb:70:in 'Kernel#loop'
	from /home/runner/work/raptor/raptor/lib/raptor/worker.rb:70:in 'Raptor::Worker#handle_client'
	from /home/runner/work/raptor/raptor/lib/raptor/worker.rb:62:in 'block in Raptor::Worker#accept_available'
	from /home/runner/work/raptor/raptor/lib/raptor/worker.rb:58:in 'Kernel#loop'
	from /home/runner/work/raptor/raptor/lib/raptor/worker.rb:58:in 'Raptor::Worker#accept_available'
	from /home/runner/work/raptor/raptor/lib/raptor/worker.rb:39:in 'block (2 levels) in Raptor::Worker#run'
	from /home/runner/work/raptor/raptor/lib/raptor/worker.rb:36:in 'Array#each'
	from /home/runner/work/raptor/raptor/lib/raptor/worker.rb:36:in 'block in Raptor::Worker#run'
	from /home/runner/work/raptor/raptor/lib/raptor/worker.rb:29:in 'Kernel#loop'
	from /home/runner/work/raptor/raptor/lib/raptor/worker.rb:29:in 'Raptor::Worker#run'
	from /home/runner/work/raptor/raptor/lib/raptor/worker.rb:14:in 'Raptor::Worker.run'
	from /home/runner/work/raptor/raptor/lib/raptor/server.rb:136:in 'block in Raptor::Server#start_worker'
#<Thread:0x0000ff41cecdd880 run> terminated with exception (report_on_exception is true):
/home/runner/work/raptor/raptor/lib/raptor/response.rb:35:in 'IO#write': Broken pipe (Errno::EPIPE)
	from /home/runner/work/raptor/raptor/lib/raptor/response.rb:35:in 'Raptor::ResponseWriter.write'
	from /home/runner/work/raptor/raptor/lib/raptor/worker.rb:87:in 'block in Raptor::Worker#handle_client'
	from /home/runner/work/raptor/raptor/lib/raptor/worker.rb:70:in 'Kernel#loop'
	from /home/runner/work/raptor/raptor/lib/raptor/worker.rb:70:in 'Raptor::Worker#handle_client'
	from /home/runner/work/raptor/raptor/lib/raptor/worker.rb:62:in 'block in Raptor::Worker#accept_available'
	from /home/runner/work/raptor/raptor/lib/raptor/worker.rb:58:in 'Kernel#loop'
	from /home/runner/work/raptor/raptor/lib/raptor/worker.rb:58:in 'Raptor::Worker#accept_available'
	from /home/runner/work/raptor/raptor/lib/raptor/worker.rb:39:in 'block (2 levels) in Raptor::Worker#run'
	from /home/runner/work/raptor/raptor/lib/raptor/worker.rb:36:in 'Array#each'
	from /home/runner/work/raptor/raptor/lib/raptor/worker.rb:36:in 'block in Raptor::Worker#run'
	from /home/runner/work/raptor/raptor/lib/raptor/worker.rb:29:in 'Kernel#loop'
	from /home/runner/work/raptor/raptor/lib/raptor/worker.rb:29:in 'Raptor::Worker#run'
	from /home/runner/work/raptor/raptor/lib/raptor/worker.rb:14:in 'Raptor::Worker.run'
	from /home/runner/work/raptor/raptor/lib/raptor/server.rb:136:in 'block in Raptor::Server#start_worker'
/home/runner/work/raptor/raptor/lib/raptor/response.rb:39:in 'IO#write': Broken pipe (Errno::EPIPE)
	from /home/runner/work/raptor/raptor/lib/raptor/response.rb:39:in 'block in Raptor::ResponseWriter.write'
	from /home/runner/work/raptor/raptor/lib/raptor/response.rb:36:in 'Hash#each'
	from /home/runner/work/raptor/raptor/lib/raptor/response.rb:36:in 'Raptor::ResponseWriter.write'
	from /home/runner/work/raptor/raptor/lib/raptor/worker.rb:77:in 'block in Raptor::Worker#handle_client'
	from /home/runner/work/raptor/raptor/lib/raptor/worker.rb:70:in 'Kernel#loop'
	from /home/runner/work/raptor/raptor/lib/raptor/worker.rb:70:in 'Raptor::Worker#handle_client'
	from /home/runner/work/raptor/raptor/lib/raptor/worker.rb:62:in 'block in Raptor::Worker#accept_available'
	from /home/runner/work/raptor/raptor/lib/raptor/worker.rb:58:in 'Kernel#loop'
	from /home/runner/work/raptor/raptor/lib/raptor/worker.rb:58:in 'Raptor::Worker#accept_available'
	from /home/runner/work/raptor/raptor/lib/raptor/worker.rb:39:in 'block (2 levels) in Raptor::Worker#run'
	from /home/runner/work/raptor/raptor/lib/raptor/worker.rb:36:in 'Array#each'
	from /home/runner/work/raptor/raptor/lib/raptor/worker.rb:36:in 'block in Raptor::Worker#run'
	from /home/runner/work/raptor/raptor/lib/raptor/worker.rb:29:in 'Kernel#loop'
	from /home/runner/work/raptor/raptor/lib/raptor/worker.rb:29:in 'Raptor::Worker#run'
	from /home/runner/work/raptor/raptor/lib/raptor/worker.rb:14:in 'Raptor::Worker.run'
	from /home/runner/work/raptor/raptor/lib/raptor/server.rb:136:in 'block in Raptor::Server#start_worker'
#<Thread:0x0000ff41cecdad88 run> terminated with exception (report_on_exception is true):
/home/runner/work/raptor/raptor/lib/raptor/response.rb:35:in 'IO#write': Broken pipe (Errno::EPIPE)
	from /home/runner/work/raptor/raptor/lib/raptor/response.rb:35:in 'Raptor::ResponseWriter.write'
	from /home/runner/work/raptor/raptor/lib/raptor/worker.rb:87:in 'block in Raptor::Worker#handle_client'
	from /home/runner/work/raptor/raptor/lib/raptor/worker.rb:70:in 'Kernel#loop'
	from /home/runner/work/raptor/raptor/lib/raptor/worker.rb:70:in 'Raptor::Worker#handle_client'
	from /home/runner/work/raptor/raptor/lib/raptor/worker.rb:62:in 'block in Raptor::Worker#accept_available'
	from /home/runner/work/raptor/raptor/lib/raptor/worker.rb:58:in 'Kernel#loop'
	from /home/runner/work/raptor/raptor/lib/raptor/worker.rb:58:in 'Raptor::Worker#accept_available'
	from /home/runner/work/raptor/raptor/lib/raptor/worker.rb:39:in 'block (2 levels) in Raptor::Worker#run'
	from /home/runner/work/raptor/raptor/lib/raptor/worker.rb:36:in 'Array#each'
	from /home/runner/work/raptor/raptor/lib/raptor/worker.rb:36:in 'block in Raptor::Worker#run'
	from /home/runner/work/raptor/raptor/lib/raptor/worker.rb:29:in 'Kernel#loop'
	from /home/runner/work/raptor/raptor/lib/raptor/worker.rb:29:in 'Raptor::Worker#run'
	from /home/runner/work/raptor/raptor/lib/raptor/worker.rb:14:in 'Raptor::Worker.run'
	from /home/runner/work/raptor/raptor/lib/raptor/server.rb:136:in 'block in Raptor::Server#start_worker'
/home/runner/work/raptor/raptor/lib/raptor/response.rb:39:in 'IO#write': Broken pipe (Errno::EPIPE)
	from /home/runner/work/raptor/raptor/lib/raptor/response.rb:39:in 'block in Raptor::ResponseWriter.write'
	from /home/runner/work/raptor/raptor/lib/raptor/response.rb:36:in 'Hash#each'
	from /home/runner/work/raptor/raptor/lib/raptor/response.rb:36:in 'Raptor::ResponseWriter.write'
	from /home/runner/work/raptor/raptor/lib/raptor/worker.rb:77:in 'block in Raptor::Worker#handle_client'
	from /home/runner/work/raptor/raptor/lib/raptor/worker.rb:70:in 'Kernel#loop'
	from /home/runner/work/raptor/raptor/lib/raptor/worker.rb:70:in 'Raptor::Worker#handle_client'
	from /home/runner/work/raptor/raptor/lib/raptor/worker.rb:62:in 'block in Raptor::Worker#accept_available'
	from /home/runner/work/raptor/raptor/lib/raptor/worker.rb:58:in 'Kernel#loop'
	from /home/runner/work/raptor/raptor/lib/raptor/worker.rb:58:in 'Raptor::Worker#accept_available'
	from /home/runner/work/raptor/raptor/lib/raptor/worker.rb:39:in 'block (2 levels) in Raptor::Worker#run'
	from /home/runner/work/raptor/raptor/lib/raptor/worker.rb:36:in 'Array#each'
	from /home/runner/work/raptor/raptor/lib/raptor/worker.rb:36:in 'block in Raptor::Worker#run'
	from /home/runner/work/raptor/raptor/lib/raptor/worker.rb:29:in 'Kernel#loop'
	from /home/runner/work/raptor/raptor/lib/raptor/worker.rb:29:in 'Raptor::Worker#run'
	from /home/runner/work/raptor/raptor/lib/raptor/worker.rb:14:in 'Raptor::Worker.run'
	from /home/runner/work/raptor/raptor/lib/raptor/server.rb:136:in 'block in Raptor::Server#start_worker'
#<Thread:0x0000ff41ce785db0 run> terminated with exception (report_on_exception is true):
/home/runner/work/raptor/raptor/lib/raptor/response.rb:35:in 'IO#write': Broken pipe (Errno::EPIPE)
	from /home/runner/work/raptor/raptor/lib/raptor/response.rb:35:in 'Raptor::ResponseWriter.write'
	from /home/runner/work/raptor/raptor/lib/raptor/worker.rb:87:in 'block in Raptor::Worker#handle_client'
	from /home/runner/work/raptor/raptor/lib/raptor/worker.rb:70:in 'Kernel#loop'
	from /home/runner/work/raptor/raptor/lib/raptor/worker.rb:70:in 'Raptor::Worker#handle_client'
	from /home/runner/work/raptor/raptor/lib/raptor/worker.rb:62:in 'block in Raptor::Worker#accept_available'
	from /home/runner/work/raptor/raptor/lib/raptor/worker.rb:58:in 'Kernel#loop'
	from /home/runner/work/raptor/raptor/lib/raptor/worker.rb:58:in 'Raptor::Worker#accept_available'
	from /home/runner/work/raptor/raptor/lib/raptor/worker.rb:39:in 'block (2 levels) in Raptor::Worker#run'
	from /home/runner/work/raptor/raptor/lib/raptor/worker.rb:36:in 'Array#each'
	from /home/runner/work/raptor/raptor/lib/raptor/worker.rb:36:in 'block in Raptor::Worker#run'
	from /home/runner/work/raptor/raptor/lib/raptor/worker.rb:29:in 'Kernel#loop'
	from /home/runner/work/raptor/raptor/lib/raptor/worker.rb:29:in 'Raptor::Worker#run'
	from /home/runner/work/raptor/raptor/lib/raptor/worker.rb:14:in 'Raptor::Worker.run'
	from /home/runner/work/raptor/raptor/lib/raptor/server.rb:136:in 'block in Raptor::Server#start_worker'
/home/runner/work/raptor/raptor/lib/raptor/response.rb:39:in 'IO#write': Broken pipe (Errno::EPIPE)
	from /home/runner/work/raptor/raptor/lib/raptor/response.rb:39:in 'block in Raptor::ResponseWriter.write'
	from /home/runner/work/raptor/raptor/lib/raptor/response.rb:36:in 'Hash#each'
	from /home/runner/work/raptor/raptor/lib/raptor/response.rb:36:in 'Raptor::ResponseWriter.write'
	from /home/runner/work/raptor/raptor/lib/raptor/worker.rb:77:in 'block in Raptor::Worker#handle_client'
	from /home/runner/work/raptor/raptor/lib/raptor/worker.rb:70:in 'Kernel#loop'
	from /home/runner/work/raptor/raptor/lib/raptor/worker.rb:70:in 'Raptor::Worker#handle_client'
	from /home/runner/work/raptor/raptor/lib/raptor/worker.rb:62:in 'block in Raptor::Worker#accept_available'
	from /home/runner/work/raptor/raptor/lib/raptor/worker.rb:58:in 'Kernel#loop'
	from /home/runner/work/raptor/raptor/lib/raptor/worker.rb:58:in 'Raptor::Worker#accept_available'
	from /home/runner/work/raptor/raptor/lib/raptor/worker.rb:39:in 'block (2 levels) in Raptor::Worker#run'
	from /home/runner/work/raptor/raptor/lib/raptor/worker.rb:36:in 'Array#each'
	from /home/runner/work/raptor/raptor/lib/raptor/worker.rb:36:in 'block in Raptor::Worker#run'
	from /home/runner/work/raptor/raptor/lib/raptor/worker.rb:29:in 'Kernel#loop'
	from /home/runner/work/raptor/raptor/lib/raptor/worker.rb:29:in 'Raptor::Worker#run'
	from /home/runner/work/raptor/raptor/lib/raptor/worker.rb:14:in 'Raptor::Worker.run'
	from /home/runner/work/raptor/raptor/lib/raptor/server.rb:136:in 'block in Raptor::Server#start_worker'
#<Thread:0x0000ff41ce8af2e0 run> terminated with exception (report_on_exception is true):
/home/runner/work/raptor/raptor/lib/raptor/response.rb:35:in 'IO#write': Broken pipe (Errno::EPIPE)
	from /home/runner/work/raptor/raptor/lib/raptor/response.rb:35:in 'Raptor::ResponseWriter.write'
	from /home/runner/work/raptor/raptor/lib/raptor/worker.rb:87:in 'block in Raptor::Worker#handle_client'
	from /home/runner/work/raptor/raptor/lib/raptor/worker.rb:70:in 'Kernel#loop'
	from /home/runner/work/raptor/raptor/lib/raptor/worker.rb:70:in 'Raptor::Worker#handle_client'
	from /home/runner/work/raptor/raptor/lib/raptor/worker.rb:62:in 'block in Raptor::Worker#accept_available'
	from /home/runner/work/raptor/raptor/lib/raptor/worker.rb:58:in 'Kernel#loop'
	from /home/runner/work/raptor/raptor/lib/raptor/worker.rb:58:in 'Raptor::Worker#accept_available'
	from /home/runner/work/raptor/raptor/lib/raptor/worker.rb:39:in 'block (2 levels) in Raptor::Worker#run'
	from /home/runner/work/raptor/raptor/lib/raptor/worker.rb:36:in 'Array#each'
	from /home/runner/work/raptor/raptor/lib/raptor/worker.rb:36:in 'block in Raptor::Worker#run'
	from /home/runner/work/raptor/raptor/lib/raptor/worker.rb:29:in 'Kernel#loop'
	from /home/runner/work/raptor/raptor/lib/raptor/worker.rb:29:in 'Raptor::Worker#run'
	from /home/runner/work/raptor/raptor/lib/raptor/worker.rb:14:in 'Raptor::Worker.run'
	from /home/runner/work/raptor/raptor/lib/raptor/server.rb:136:in 'block in Raptor::Server#start_worker'
/home/runner/work/raptor/raptor/lib/raptor/response.rb:39:in 'IO#write': Broken pipe (Errno::EPIPE)
	from /home/runner/work/raptor/raptor/lib/raptor/response.rb:39:in 'block in Raptor::ResponseWriter.write'
	from /home/runner/work/raptor/raptor/lib/raptor/response.rb:36:in 'Hash#each'
	from /home/runner/work/raptor/raptor/lib/raptor/response.rb:36:in 'Raptor::ResponseWriter.write'
	from /home/runner/work/raptor/raptor/lib/raptor/worker.rb:77:in 'block in Raptor::Worker#handle_client'
	from /home/runner/work/raptor/raptor/lib/raptor/worker.rb:70:in 'Kernel#loop'
	from /home/runner/work/raptor/raptor/lib/raptor/worker.rb:70:in 'Raptor::Worker#handle_client'
	from /home/runner/work/raptor/raptor/lib/raptor/worker.rb:62:in 'block in Raptor::Worker#accept_available'
	from /home/runner/work/raptor/raptor/lib/raptor/worker.rb:58:in 'Kernel#loop'
	from /home/runner/work/raptor/raptor/lib/raptor/worker.rb:58:in 'Raptor::Worker#accept_available'
	from /home/runner/work/raptor/raptor/lib/raptor/worker.rb:39:in 'block (2 levels) in Raptor::Worker#run'
	from /home/runner/work/raptor/raptor/lib/raptor/worker.rb:36:in 'Array#each'
	from /home/runner/work/raptor/raptor/lib/raptor/worker.rb:36:in 'block in Raptor::Worker#run'
	from /home/runner/work/raptor/raptor/lib/raptor/worker.rb:29:in 'Kernel#loop'
	from /home/runner/work/raptor/raptor/lib/raptor/worker.rb:29:in 'Raptor::Worker#run'
	from /home/runner/work/raptor/raptor/lib/raptor/worker.rb:14:in 'Raptor::Worker.run'
	from /home/runner/work/raptor/raptor/lib/raptor/server.rb:136:in 'block in Raptor::Server#start_worker'
