/home/runner/work/raptor/raptor/lib/raptor/server.rb:134: warning: Ractor API is experimental and may change in future versions of Ruby.
#<Thread:0x0000ff8b90c4e2a0 run> terminated with exception (report_on_exception is true):
/home/runner/work/raptor/raptor/lib/raptor/response.rb:35:in 'IO#write': Broken pipe (Errno::EPIPE)
	from /home/runner/work/raptor/raptor/lib/raptor/response.rb:35:in 'Raptor::ResponseWriter.write'
	from /home/runner/work/raptor/raptor/lib/raptor/worker.rb:87:in 'block in Raptor::Worker#handle_client'
	from /home/runner/work/raptor/raptor/lib/raptor/worker.rb:70:in 'Kernel#loop'
	from /home/runner/work/raptor/raptor/lib/raptor/worker.rb:70:in 'Raptor::Worker#handle_client'
	from /home/runner/work/raptor/raptor/lib/raptor/worker.rb:62:in 'block in Raptor::Worker#accept_available'
	from /home/runner/work/raptor/raptor/lib/raptor/worker.rb:58:in 'Kernel#loop'
	from /home/runner/work/raptor/raptor/lib/raptor/worker.rb:58:in 'Raptor::Worker#accept_available'
	from /home/runner/work/raptor/raptor/lib/raptor/worker.rb:39:in 'block (2 levels) in Raptor::Worker#run'
	from /home/runner/work/raptor/raptor/lib/raptor/worker.rb:36:in 'Array#each'
	from /home/runner/work/raptor/raptor/lib/raptor/worker.rb:36:in 'block in Raptor::Worker#run'
	from /home/runner/work/raptor/raptor/lib/raptor/worker.rb:29:in 'Kernel#loop'
	from /home/runner/work/raptor/raptor/lib/raptor/worker.rb:29:in 'Raptor::Worker#run'
	from /home/runner/work/raptor/raptor/lib/raptor/worker.rb:14:in 'Raptor::Worker.run'
	from /home/runner/work/raptor/raptor/lib/raptor/server.rb:136:in 'block in Raptor::Server#start_worker'
/home/runner/work/raptor/raptor/lib/raptor/response.rb:39:in 'IO#write': Broken pipe (Errno::EPIPE)
	from /home/runner/work/raptor/raptor/lib/raptor/response.rb:39:in 'block in Raptor::ResponseWriter.write'
	from /home/runner/work/raptor/raptor/lib/raptor/response.rb:36:in 'Hash#each'
	from /home/runner/work/raptor/raptor/lib/raptor/response.rb:36:in 'Raptor::ResponseWriter.write'
	from /home/runner/work/raptor/raptor/lib/raptor/worker.rb:77:in 'block in Raptor::Worker#handle_client'
	from /home/runner/work/raptor/raptor/lib/raptor/worker.rb:70:in 'Kernel#loop'
	from /home/runner/work/raptor/raptor/lib/raptor/worker.rb:70:in 'Raptor::Worker#handle_client'
	from /home/runner/work/raptor/raptor/lib/raptor/worker.rb:62:in 'block in Raptor::Worker#accept_available'
	from /home/runner/work/raptor/raptor/lib/raptor/worker.rb:58:in 'Kernel#loop'
	from /home/runner/work/raptor/raptor/lib/raptor/worker.rb:58:in 'Raptor::Worker#accept_available'
	from /home/runner/work/raptor/raptor/lib/raptor/worker.rb:39:in 'block (2 levels) in Raptor::Worker#run'
	from /home/runner/work/raptor/raptor/lib/raptor/worker.rb:36:in 'Array#each'
	from /home/runner/work/raptor/raptor/lib/raptor/worker.rb:36:in 'block in Raptor::Worker#run'
	from /home/runner/work/raptor/raptor/lib/raptor/worker.rb:29:in 'Kernel#loop'
	from /home/runner/work/raptor/raptor/lib/raptor/worker.rb:29:in 'Raptor::Worker#run'
	from /home/runner/work/raptor/raptor/lib/raptor/worker.rb:14:in 'Raptor::Worker.run'
	from /home/runner/work/raptor/raptor/lib/raptor/server.rb:136:in 'block in Raptor::Server#start_worker'
#<Thread:0x0000ff8b90818780 run> terminated with exception (report_on_exception is true):
/home/runner/work/raptor/raptor/lib/raptor/response.rb:35:in 'IO#write': Broken pipe (Errno::EPIPE)
	from /home/runner/work/raptor/raptor/lib/raptor/response.rb:35:in 'Raptor::ResponseWriter.write'
	from /home/runner/work/raptor/raptor/lib/raptor/worker.rb:87:in 'block in Raptor::Worker#handle_client'
	from /home/runner/work/raptor/raptor/lib/raptor/worker.rb:70:in 'Kernel#loop'
	from /home/runner/work/raptor/raptor/lib/raptor/worker.rb:70:in 'Raptor::Worker#handle_client'
	from /home/runner/work/raptor/raptor/lib/raptor/worker.rb:62:in 'block in Raptor::Worker#accept_available'
	from /home/runner/work/raptor/raptor/lib/raptor/worker.rb:58:in 'Kernel#loop'
	from /home/runner/work/raptor/raptor/lib/raptor/worker.rb:58:in 'Raptor::Worker#accept_available'
	from /home/runner/work/raptor/raptor/lib/raptor/worker.rb:39:in 'block (2 levels) in Raptor::Worker#run'
	from /home/runner/work/raptor/raptor/lib/raptor/worker.rb:36:in 'Array#each'
	from /home/runner/work/raptor/raptor/lib/raptor/worker.rb:36:in 'block in Raptor::Worker#run'
	from /home/runner/work/raptor/raptor/lib/raptor/worker.rb:29:in 'Kernel#loop'
	from /home/runner/work/raptor/raptor/lib/raptor/worker.rb:29:in 'Raptor::Worker#run'
	from /home/runner/work/raptor/raptor/lib/raptor/worker.rb:14:in 'Raptor::Worker.run'
	from /home/runner/work/raptor/raptor/lib/raptor/server.rb:136:in 'block in Raptor::Server#start_worker'
/home/runner/work/raptor/raptor/lib/raptor/response.rb:39:in 'IO#write': Broken pipe (Errno::EPIPE)
	from /home/runner/work/raptor/raptor/lib/raptor/response.rb:39:in 'block in Raptor::ResponseWriter.write'
	from /home/runner/work/raptor/raptor/lib/raptor/response.rb:36:in 'Hash#each'
	from /home/runner/work/raptor/raptor/lib/raptor/response.rb:36:in 'Raptor::ResponseWriter.write'
	from /home/runner/work/raptor/raptor/lib/raptor/worker.rb:77:in 'block in Raptor::Worker#handle_client'
	from /home/runner/work/raptor/raptor/lib/raptor/worker.rb:70:in 'Kernel#loop'
	from /home/runner/work/raptor/raptor/lib/raptor/worker.rb:70:in 'Raptor::Worker#handle_client'
	from /home/runner/work/raptor/raptor/lib/raptor/worker.rb:62:in 'block in Raptor::Worker#accept_available'
	from /home/runner/work/raptor/raptor/lib/raptor/worker.rb:58:in 'Kernel#loop'
	from /home/runner/work/raptor/raptor/lib/raptor/worker.rb:58:in 'Raptor::Worker#accept_available'
	from /home/runner/work/raptor/raptor/lib/raptor/worker.rb:39:in 'block (2 levels) in Raptor::Worker#run'
	from /home/runner/work/raptor/raptor/lib/raptor/worker.rb:36:in 'Array#each'
	from /home/runner/work/raptor/raptor/lib/raptor/worker.rb:36:in 'block in Raptor::Worker#run'
	from /home/runner/work/raptor/raptor/lib/raptor/worker.rb:29:in 'Kernel#loop'
	from /home/runner/work/raptor/raptor/lib/raptor/worker.rb:29:in 'Raptor::Worker#run'
	from /home/runner/work/raptor/raptor/lib/raptor/worker.rb:14:in 'Raptor::Worker.run'
	from /home/runner/work/raptor/raptor/lib/raptor/server.rb:136:in 'block in Raptor::Server#start_worker'
#<Thread:0x0000ff8b90816430 run> terminated with exception (report_on_exception is true):
/home/runner/work/raptor/raptor/lib/raptor/response.rb:35:in 'IO#write': Broken pipe (Errno::EPIPE)
	from /home/runner/work/raptor/raptor/lib/raptor/response.rb:35:in 'Raptor::ResponseWriter.write'
	from /home/runner/work/raptor/raptor/lib/raptor/worker.rb:87:in 'block in Raptor::Worker#handle_client'
	from /home/runner/work/raptor/raptor/lib/raptor/worker.rb:70:in 'Kernel#loop'
	from /home/runner/work/raptor/raptor/lib/raptor/worker.rb:70:in 'Raptor::Worker#handle_client'
	from /home/runner/work/raptor/raptor/lib/raptor/worker.rb:62:in 'block in Raptor::Worker#accept_available'
	from /home/runner/work/raptor/raptor/lib/raptor/worker.rb:58:in 'Kernel#loop'
	from /home/runner/work/raptor/raptor/lib/raptor/worker.rb:58:in 'Raptor::Worker#accept_available'
	from /home/runner/work/raptor/raptor/lib/raptor/worker.rb:39:in 'block (2 levels) in Raptor::Worker#run'
	from /home/runner/work/raptor/raptor/lib/raptor/worker.rb:36:in 'Array#each'
	from /home/runner/work/raptor/raptor/lib/raptor/worker.rb:36:in 'block in Raptor::Worker#run'
	from /home/runner/work/raptor/raptor/lib/raptor/worker.rb:29:in 'Kernel#loop'
	from /home/runner/work/raptor/raptor/lib/raptor/worker.rb:29:in 'Raptor::Worker#run'
	from /home/runner/work/raptor/raptor/lib/raptor/worker.rb:14:in 'Raptor::Worker.run'
	from /home/runner/work/raptor/raptor/lib/raptor/server.rb:136:in 'block in Raptor::Server#start_worker'
/home/runner/work/raptor/raptor/lib/raptor/response.rb:39:in 'IO#write': Broken pipe (Errno::EPIPE)
	from /home/runner/work/raptor/raptor/lib/raptor/response.rb:39:in 'block in Raptor::ResponseWriter.write'
	from /home/runner/work/raptor/raptor/lib/raptor/response.rb:36:in 'Hash#each'
	from /home/runner/work/raptor/raptor/lib/raptor/response.rb:36:in 'Raptor::ResponseWriter.write'
	from /home/runner/work/raptor/raptor/lib/raptor/worker.rb:77:in 'block in Raptor::Worker#handle_client'
	from /home/runner/work/raptor/raptor/lib/raptor/worker.rb:70:in 'Kernel#loop'
	from /home/runner/work/raptor/raptor/lib/raptor/worker.rb:70:in 'Raptor::Worker#handle_client'
	from /home/runner/work/raptor/raptor/lib/raptor/worker.rb:62:in 'block in Raptor::Worker#accept_available'
	from /home/runner/work/raptor/raptor/lib/raptor/worker.rb:58:in 'Kernel#loop'
	from /home/runner/work/raptor/raptor/lib/raptor/worker.rb:58:in 'Raptor::Worker#accept_available'
	from /home/runner/work/raptor/raptor/lib/raptor/worker.rb:39:in 'block (2 levels) in Raptor::Worker#run'
	from /home/runner/work/raptor/raptor/lib/raptor/worker.rb:36:in 'Array#each'
	from /home/runner/work/raptor/raptor/lib/raptor/worker.rb:36:in 'block in Raptor::Worker#run'
	from /home/runner/work/raptor/raptor/lib/raptor/worker.rb:29:in 'Kernel#loop'
	from /home/runner/work/raptor/raptor/lib/raptor/worker.rb:29:in 'Raptor::Worker#run'
	from /home/runner/work/raptor/raptor/lib/raptor/worker.rb:14:in 'Raptor::Worker.run'
	from /home/runner/work/raptor/raptor/lib/raptor/server.rb:136:in 'block in Raptor::Server#start_worker'
#<Thread:0x0000ff8b9081ee50 run> terminated with exception (report_on_exception is true):
/home/runner/work/raptor/raptor/lib/raptor/response.rb:35:in 'IO#write': Broken pipe (Errno::EPIPE)
	from /home/runner/work/raptor/raptor/lib/raptor/response.rb:35:in 'Raptor::ResponseWriter.write'
	from /home/runner/work/raptor/raptor/lib/raptor/worker.rb:87:in 'block in Raptor::Worker#handle_client'
	from /home/runner/work/raptor/raptor/lib/raptor/worker.rb:70:in 'Kernel#loop'
	from /home/runner/work/raptor/raptor/lib/raptor/worker.rb:70:in 'Raptor::Worker#handle_client'
	from /home/runner/work/raptor/raptor/lib/raptor/worker.rb:62:in 'block in Raptor::Worker#accept_available'
	from /home/runner/work/raptor/raptor/lib/raptor/worker.rb:58:in 'Kernel#loop'
	from /home/runner/work/raptor/raptor/lib/raptor/worker.rb:58:in 'Raptor::Worker#accept_available'
	from /home/runner/work/raptor/raptor/lib/raptor/worker.rb:39:in 'block (2 levels) in Raptor::Worker#run'
	from /home/runner/work/raptor/raptor/lib/raptor/worker.rb:36:in 'Array#each'
	from /home/runner/work/raptor/raptor/lib/raptor/worker.rb:36:in 'block in Raptor::Worker#run'
	from /home/runner/work/raptor/raptor/lib/raptor/worker.rb:29:in 'Kernel#loop'
	from /home/runner/work/raptor/raptor/lib/raptor/worker.rb:29:in 'Raptor::Worker#run'
	from /home/runner/work/raptor/raptor/lib/raptor/worker.rb:14:in 'Raptor::Worker.run'
	from /home/runner/work/raptor/raptor/lib/raptor/server.rb:136:in 'block in Raptor::Server#start_worker'
/home/runner/work/raptor/raptor/lib/raptor/response.rb:39:in 'IO#write': Broken pipe (Errno::EPIPE)
	from /home/runner/work/raptor/raptor/lib/raptor/response.rb:39:in 'block in Raptor::ResponseWriter.write'
	from /home/runner/work/raptor/raptor/lib/raptor/response.rb:36:in 'Hash#each'
	from /home/runner/work/raptor/raptor/lib/raptor/response.rb:36:in 'Raptor::ResponseWriter.write'
	from /home/runner/work/raptor/raptor/lib/raptor/worker.rb:77:in 'block in Raptor::Worker#handle_client'
	from /home/runner/work/raptor/raptor/lib/raptor/worker.rb:70:in 'Kernel#loop'
	from /home/runner/work/raptor/raptor/lib/raptor/worker.rb:70:in 'Raptor::Worker#handle_client'
	from /home/runner/work/raptor/raptor/lib/raptor/worker.rb:62:in 'block in Raptor::Worker#accept_available'
	from /home/runner/work/raptor/raptor/lib/raptor/worker.rb:58:in 'Kernel#loop'
	from /home/runner/work/raptor/raptor/lib/raptor/worker.rb:58:in 'Raptor::Worker#accept_available'
	from /home/runner/work/raptor/raptor/lib/raptor/worker.rb:39:in 'block (2 levels) in Raptor::Worker#run'
	from /home/runner/work/raptor/raptor/lib/raptor/worker.rb:36:in 'Array#each'
	from /home/runner/work/raptor/raptor/lib/raptor/worker.rb:36:in 'block in Raptor::Worker#run'
	from /home/runner/work/raptor/raptor/lib/raptor/worker.rb:29:in 'Kernel#loop'
	from /home/runner/work/raptor/raptor/lib/raptor/worker.rb:29:in 'Raptor::Worker#run'
	from /home/runner/work/raptor/raptor/lib/raptor/worker.rb:14:in 'Raptor::Worker.run'
	from /home/runner/work/raptor/raptor/lib/raptor/server.rb:136:in 'block in Raptor::Server#start_worker'
#<Thread:0x0000ff8b90c4c518 run> terminated with exception (report_on_exception is true):
/home/runner/work/raptor/raptor/lib/raptor/response.rb:35:in 'IO#write': Broken pipe (Errno::EPIPE)
	from /home/runner/work/raptor/raptor/lib/raptor/response.rb:35:in 'Raptor::ResponseWriter.write'
	from /home/runner/work/raptor/raptor/lib/raptor/worker.rb:87:in 'block in Raptor::Worker#handle_client'
	from /home/runner/work/raptor/raptor/lib/raptor/worker.rb:70:in 'Kernel#loop'
	from /home/runner/work/raptor/raptor/lib/raptor/worker.rb:70:in 'Raptor::Worker#handle_client'
	from /home/runner/work/raptor/raptor/lib/raptor/worker.rb:62:in 'block in Raptor::Worker#accept_available'
	from /home/runner/work/raptor/raptor/lib/raptor/worker.rb:58:in 'Kernel#loop'
	from /home/runner/work/raptor/raptor/lib/raptor/worker.rb:58:in 'Raptor::Worker#accept_available'
	from /home/runner/work/raptor/raptor/lib/raptor/worker.rb:39:in 'block (2 levels) in Raptor::Worker#run'
	from /home/runner/work/raptor/raptor/lib/raptor/worker.rb:36:in 'Array#each'
	from /home/runner/work/raptor/raptor/lib/raptor/worker.rb:36:in 'block in Raptor::Worker#run'
	from /home/runner/work/raptor/raptor/lib/raptor/worker.rb:29:in 'Kernel#loop'
	from /home/runner/work/raptor/raptor/lib/raptor/worker.rb:29:in 'Raptor::Worker#run'
	from /home/runner/work/raptor/raptor/lib/raptor/worker.rb:14:in 'Raptor::Worker.run'
	from /home/runner/work/raptor/raptor/lib/raptor/server.rb:136:in 'block in Raptor::Server#start_worker'
/home/runner/work/raptor/raptor/lib/raptor/response.rb:39:in 'IO#write': Broken pipe (Errno::EPIPE)
	from /home/runner/work/raptor/raptor/lib/raptor/response.rb:39:in 'block in Raptor::ResponseWriter.write'
	from /home/runner/work/raptor/raptor/lib/raptor/response.rb:36:in 'Hash#each'
	from /home/runner/work/raptor/raptor/lib/raptor/response.rb:36:in 'Raptor::ResponseWriter.write'
	from /home/runner/work/raptor/raptor/lib/raptor/worker.rb:77:in 'block in Raptor::Worker#handle_client'
	from /home/runner/work/raptor/raptor/lib/raptor/worker.rb:70:in 'Kernel#loop'
	from /home/runner/work/raptor/raptor/lib/raptor/worker.rb:70:in 'Raptor::Worker#handle_client'
	from /home/runner/work/raptor/raptor/lib/raptor/worker.rb:62:in 'block in Raptor::Worker#accept_available'
	from /home/runner/work/raptor/raptor/lib/raptor/worker.rb:58:in 'Kernel#loop'
	from /home/runner/work/raptor/raptor/lib/raptor/worker.rb:58:in 'Raptor::Worker#accept_available'
	from /home/runner/work/raptor/raptor/lib/raptor/worker.rb:39:in 'block (2 levels) in Raptor::Worker#run'
	from /home/runner/work/raptor/raptor/lib/raptor/worker.rb:36:in 'Array#each'
	from /home/runner/work/raptor/raptor/lib/raptor/worker.rb:36:in 'block in Raptor::Worker#run'
	from /home/runner/work/raptor/raptor/lib/raptor/worker.rb:29:in 'Kernel#loop'
	from /home/runner/work/raptor/raptor/lib/raptor/worker.rb:29:in 'Raptor::Worker#run'
	from /home/runner/work/raptor/raptor/lib/raptor/worker.rb:14:in 'Raptor::Worker.run'
	from /home/runner/work/raptor/raptor/lib/raptor/server.rb:136:in 'block in Raptor::Server#start_worker'
#<Thread:0x0000ff8b886c5570 run> terminated with exception (report_on_exception is true):
/home/runner/work/raptor/raptor/lib/raptor/response.rb:35:in 'IO#write': Broken pipe (Errno::EPIPE)
	from /home/runner/work/raptor/raptor/lib/raptor/response.rb:35:in 'Raptor::ResponseWriter.write'
	from /home/runner/work/raptor/raptor/lib/raptor/worker.rb:87:in 'block in Raptor::Worker#handle_client'
	from /home/runner/work/raptor/raptor/lib/raptor/worker.rb:70:in 'Kernel#loop'
	from /home/runner/work/raptor/raptor/lib/raptor/worker.rb:70:in 'Raptor::Worker#handle_client'
	from /home/runner/work/raptor/raptor/lib/raptor/worker.rb:62:in 'block in Raptor::Worker#accept_available'
	from /home/runner/work/raptor/raptor/lib/raptor/worker.rb:58:in 'Kernel#loop'
	from /home/runner/work/raptor/raptor/lib/raptor/worker.rb:58:in 'Raptor::Worker#accept_available'
	from /home/runner/work/raptor/raptor/lib/raptor/worker.rb:39:in 'block (2 levels) in Raptor::Worker#run'
	from /home/runner/work/raptor/raptor/lib/raptor/worker.rb:36:in 'Array#each'
	from /home/runner/work/raptor/raptor/lib/raptor/worker.rb:36:in 'block in Raptor::Worker#run'
	from /home/runner/work/raptor/raptor/lib/raptor/worker.rb:29:in 'Kernel#loop'
	from /home/runner/work/raptor/raptor/lib/raptor/worker.rb:29:in 'Raptor::Worker#run'
	from /home/runner/work/raptor/raptor/lib/raptor/worker.rb:14:in 'Raptor::Worker.run'
	from /home/runner/work/raptor/raptor/lib/raptor/server.rb:136:in 'block in Raptor::Server#start_worker'
/home/runner/work/raptor/raptor/lib/raptor/response.rb:39:in 'IO#write': Broken pipe (Errno::EPIPE)
	from /home/runner/work/raptor/raptor/lib/raptor/response.rb:39:in 'block in Raptor::ResponseWriter.write'
	from /home/runner/work/raptor/raptor/lib/raptor/response.rb:36:in 'Hash#each'
	from /home/runner/work/raptor/raptor/lib/raptor/response.rb:36:in 'Raptor::ResponseWriter.write'
	from /home/runner/work/raptor/raptor/lib/raptor/worker.rb:77:in 'block in Raptor::Worker#handle_client'
	from /home/runner/work/raptor/raptor/lib/raptor/worker.rb:70:in 'Kernel#loop'
	from /home/runner/work/raptor/raptor/lib/raptor/worker.rb:70:in 'Raptor::Worker#handle_client'
	from /home/runner/work/raptor/raptor/lib/raptor/worker.rb:62:in 'block in Raptor::Worker#accept_available'
	from /home/runner/work/raptor/raptor/lib/raptor/worker.rb:58:in 'Kernel#loop'
	from /home/runner/work/raptor/raptor/lib/raptor/worker.rb:58:in 'Raptor::Worker#accept_available'
	from /home/runner/work/raptor/raptor/lib/raptor/worker.rb:39:in 'block (2 levels) in Raptor::Worker#run'
	from /home/runner/work/raptor/raptor/lib/raptor/worker.rb:36:in 'Array#each'
	from /home/runner/work/raptor/raptor/lib/raptor/worker.rb:36:in 'block in Raptor::Worker#run'
	from /home/runner/work/raptor/raptor/lib/raptor/worker.rb:29:in 'Kernel#loop'
	from /home/runner/work/raptor/raptor/lib/raptor/worker.rb:29:in 'Raptor::Worker#run'
	from /home/runner/work/raptor/raptor/lib/raptor/worker.rb:14:in 'Raptor::Worker.run'
	from /home/runner/work/raptor/raptor/lib/raptor/server.rb:136:in 'block in Raptor::Server#start_worker'
#<Thread:0x0000ff8b90c43e90 run> terminated with exception (report_on_exception is true):
/home/runner/work/raptor/raptor/lib/raptor/response.rb:35:in 'IO#write': Broken pipe (Errno::EPIPE)
	from /home/runner/work/raptor/raptor/lib/raptor/response.rb:35:in 'Raptor::ResponseWriter.write'
	from /home/runner/work/raptor/raptor/lib/raptor/worker.rb:87:in 'block in Raptor::Worker#handle_client'
	from /home/runner/work/raptor/raptor/lib/raptor/worker.rb:70:in 'Kernel#loop'
	from /home/runner/work/raptor/raptor/lib/raptor/worker.rb:70:in 'Raptor::Worker#handle_client'
	from /home/runner/work/raptor/raptor/lib/raptor/worker.rb:62:in 'block in Raptor::Worker#accept_available'
	from /home/runner/work/raptor/raptor/lib/raptor/worker.rb:58:in 'Kernel#loop'
	from /home/runner/work/raptor/raptor/lib/raptor/worker.rb:58:in 'Raptor::Worker#accept_available'
	from /home/runner/work/raptor/raptor/lib/raptor/worker.rb:39:in 'block (2 levels) in Raptor::Worker#run'
	from /home/runner/work/raptor/raptor/lib/raptor/worker.rb:36:in 'Array#each'
	from /home/runner/work/raptor/raptor/lib/raptor/worker.rb:36:in 'block in Raptor::Worker#run'
	from /home/runner/work/raptor/raptor/lib/raptor/worker.rb:29:in 'Kernel#loop'
	from /home/runner/work/raptor/raptor/lib/raptor/worker.rb:29:in 'Raptor::Worker#run'
	from /home/runner/work/raptor/raptor/lib/raptor/worker.rb:14:in 'Raptor::Worker.run'
	from /home/runner/work/raptor/raptor/lib/raptor/server.rb:136:in 'block in Raptor::Server#start_worker'
/home/runner/work/raptor/raptor/lib/raptor/response.rb:39:in 'IO#write': Broken pipe (Errno::EPIPE)
	from /home/runner/work/raptor/raptor/lib/raptor/response.rb:39:in 'block in Raptor::ResponseWriter.write'
	from /home/runner/work/raptor/raptor/lib/raptor/response.rb:36:in 'Hash#each'
	from /home/runner/work/raptor/raptor/lib/raptor/response.rb:36:in 'Raptor::ResponseWriter.write'
	from /home/runner/work/raptor/raptor/lib/raptor/worker.rb:77:in 'block in Raptor::Worker#handle_client'
	from /home/runner/work/raptor/raptor/lib/raptor/worker.rb:70:in 'Kernel#loop'
	from /home/runner/work/raptor/raptor/lib/raptor/worker.rb:70:in 'Raptor::Worker#handle_client'
	from /home/runner/work/raptor/raptor/lib/raptor/worker.rb:62:in 'block in Raptor::Worker#accept_available'
	from /home/runner/work/raptor/raptor/lib/raptor/worker.rb:58:in 'Kernel#loop'
	from /home/runner/work/raptor/raptor/lib/raptor/worker.rb:58:in 'Raptor::Worker#accept_available'
	from /home/runner/work/raptor/raptor/lib/raptor/worker.rb:39:in 'block (2 levels) in Raptor::Worker#run'
	from /home/runner/work/raptor/raptor/lib/raptor/worker.rb:36:in 'Array#each'
	from /home/runner/work/raptor/raptor/lib/raptor/worker.rb:36:in 'block in Raptor::Worker#run'
	from /home/runner/work/raptor/raptor/lib/raptor/worker.rb:29:in 'Kernel#loop'
	from /home/runner/work/raptor/raptor/lib/raptor/worker.rb:29:in 'Raptor::Worker#run'
	from /home/runner/work/raptor/raptor/lib/raptor/worker.rb:14:in 'Raptor::Worker.run'
	from /home/runner/work/raptor/raptor/lib/raptor/server.rb:136:in 'block in Raptor::Server#start_worker'
#<Thread:0x0000ff8b90bd2858 run> terminated with exception (report_on_exception is true):
/home/runner/work/raptor/raptor/lib/raptor/response.rb:35:in 'IO#write': Broken pipe (Errno::EPIPE)
	from /home/runner/work/raptor/raptor/lib/raptor/response.rb:35:in 'Raptor::ResponseWriter.write'
	from /home/runner/work/raptor/raptor/lib/raptor/worker.rb:87:in 'block in Raptor::Worker#handle_client'
	from /home/runner/work/raptor/raptor/lib/raptor/worker.rb:70:in 'Kernel#loop'
	from /home/runner/work/raptor/raptor/lib/raptor/worker.rb:70:in 'Raptor::Worker#handle_client'
	from /home/runner/work/raptor/raptor/lib/raptor/worker.rb:62:in 'block in Raptor::Worker#accept_available'
	from /home/runner/work/raptor/raptor/lib/raptor/worker.rb:58:in 'Kernel#loop'
	from /home/runner/work/raptor/raptor/lib/raptor/worker.rb:58:in 'Raptor::Worker#accept_available'
	from /home/runner/work/raptor/raptor/lib/raptor/worker.rb:39:in 'block (2 levels) in Raptor::Worker#run'
	from /home/runner/work/raptor/raptor/lib/raptor/worker.rb:36:in 'Array#each'
	from /home/runner/work/raptor/raptor/lib/raptor/worker.rb:36:in 'block in Raptor::Worker#run'
	from /home/runner/work/raptor/raptor/lib/raptor/worker.rb:29:in 'Kernel#loop'
	from /home/runner/work/raptor/raptor/lib/raptor/worker.rb:29:in 'Raptor::Worker#run'
	from /home/runner/work/raptor/raptor/lib/raptor/worker.rb:14:in 'Raptor::Worker.run'
	from /home/runner/work/raptor/raptor/lib/raptor/server.rb:136:in 'block in Raptor::Server#start_worker'
/home/runner/work/raptor/raptor/lib/raptor/response.rb:39:in 'IO#write': Broken pipe (Errno::EPIPE)
	from /home/runner/work/raptor/raptor/lib/raptor/response.rb:39:in 'block in Raptor::ResponseWriter.write'
	from /home/runner/work/raptor/raptor/lib/raptor/response.rb:36:in 'Hash#each'
	from /home/runner/work/raptor/raptor/lib/raptor/response.rb:36:in 'Raptor::ResponseWriter.write'
	from /home/runner/work/raptor/raptor/lib/raptor/worker.rb:77:in 'block in Raptor::Worker#handle_client'
	from /home/runner/work/raptor/raptor/lib/raptor/worker.rb:70:in 'Kernel#loop'
	from /home/runner/work/raptor/raptor/lib/raptor/worker.rb:70:in 'Raptor::Worker#handle_client'
	from /home/runner/work/raptor/raptor/lib/raptor/worker.rb:62:in 'block in Raptor::Worker#accept_available'
	from /home/runner/work/raptor/raptor/lib/raptor/worker.rb:58:in 'Kernel#loop'
	from /home/runner/work/raptor/raptor/lib/raptor/worker.rb:58:in 'Raptor::Worker#accept_available'
	from /home/runner/work/raptor/raptor/lib/raptor/worker.rb:39:in 'block (2 levels) in Raptor::Worker#run'
	from /home/runner/work/raptor/raptor/lib/raptor/worker.rb:36:in 'Array#each'
	from /home/runner/work/raptor/raptor/lib/raptor/worker.rb:36:in 'block in Raptor::Worker#run'
	from /home/runner/work/raptor/raptor/lib/raptor/worker.rb:29:in 'Kernel#loop'
	from /home/runner/work/raptor/raptor/lib/raptor/worker.rb:29:in 'Raptor::Worker#run'
	from /home/runner/work/raptor/raptor/lib/raptor/worker.rb:14:in 'Raptor::Worker.run'
	from /home/runner/work/raptor/raptor/lib/raptor/server.rb:136:in 'block in Raptor::Server#start_worker'
#<Thread:0x0000ff8b9081bc78 run> terminated with exception (report_on_exception is true):
/home/runner/work/raptor/raptor/lib/raptor/response.rb:35:in 'IO#write': Broken pipe (Errno::EPIPE)
	from /home/runner/work/raptor/raptor/lib/raptor/response.rb:35:in 'Raptor::ResponseWriter.write'
	from /home/runner/work/raptor/raptor/lib/raptor/worker.rb:87:in 'block in Raptor::Worker#handle_client'
	from /home/runner/work/raptor/raptor/lib/raptor/worker.rb:70:in 'Kernel#loop'
	from /home/runner/work/raptor/raptor/lib/raptor/worker.rb:70:in 'Raptor::Worker#handle_client'
	from /home/runner/work/raptor/raptor/lib/raptor/worker.rb:62:in 'block in Raptor::Worker#accept_available'
	from /home/runner/work/raptor/raptor/lib/raptor/worker.rb:58:in 'Kernel#loop'
	from /home/runner/work/raptor/raptor/lib/raptor/worker.rb:58:in 'Raptor::Worker#accept_available'
	from /home/runner/work/raptor/raptor/lib/raptor/worker.rb:39:in 'block (2 levels) in Raptor::Worker#run'
	from /home/runner/work/raptor/raptor/lib/raptor/worker.rb:36:in 'Array#each'
	from /home/runner/work/raptor/raptor/lib/raptor/worker.rb:36:in 'block in Raptor::Worker#run'
	from /home/runner/work/raptor/raptor/lib/raptor/worker.rb:29:in 'Kernel#loop'
	from /home/runner/work/raptor/raptor/lib/raptor/worker.rb:29:in 'Raptor::Worker#run'
	from /home/runner/work/raptor/raptor/lib/raptor/worker.rb:14:in 'Raptor::Worker.run'
	from /home/runner/work/raptor/raptor/lib/raptor/server.rb:136:in 'block in Raptor::Server#start_worker'
/home/runner/work/raptor/raptor/lib/raptor/response.rb:39:in 'IO#write': Broken pipe (Errno::EPIPE)
	from /home/runner/work/raptor/raptor/lib/raptor/response.rb:39:in 'block in Raptor::ResponseWriter.write'
	from /home/runner/work/raptor/raptor/lib/raptor/response.rb:36:in 'Hash#each'
	from /home/runner/work/raptor/raptor/lib/raptor/response.rb:36:in 'Raptor::ResponseWriter.write'
	from /home/runner/work/raptor/raptor/lib/raptor/worker.rb:77:in 'block in Raptor::Worker#handle_client'
	from /home/runner/work/raptor/raptor/lib/raptor/worker.rb:70:in 'Kernel#loop'
	from /home/runner/work/raptor/raptor/lib/raptor/worker.rb:70:in 'Raptor::Worker#handle_client'
	from /home/runner/work/raptor/raptor/lib/raptor/worker.rb:62:in 'block in Raptor::Worker#accept_available'
	from /home/runner/work/raptor/raptor/lib/raptor/worker.rb:58:in 'Kernel#loop'
	from /home/runner/work/raptor/raptor/lib/raptor/worker.rb:58:in 'Raptor::Worker#accept_available'
	from /home/runner/work/raptor/raptor/lib/raptor/worker.rb:39:in 'block (2 levels) in Raptor::Worker#run'
	from /home/runner/work/raptor/raptor/lib/raptor/worker.rb:36:in 'Array#each'
	from /home/runner/work/raptor/raptor/lib/raptor/worker.rb:36:in 'block in Raptor::Worker#run'
	from /home/runner/work/raptor/raptor/lib/raptor/worker.rb:29:in 'Kernel#loop'
	from /home/runner/work/raptor/raptor/lib/raptor/worker.rb:29:in 'Raptor::Worker#run'
	from /home/runner/work/raptor/raptor/lib/raptor/worker.rb:14:in 'Raptor::Worker.run'
	from /home/runner/work/raptor/raptor/lib/raptor/server.rb:136:in 'block in Raptor::Server#start_worker'
#<Thread:0x0000ff8b90c47fe0 run> terminated with exception (report_on_exception is true):
/home/runner/work/raptor/raptor/lib/raptor/response.rb:35:in 'IO#write': Broken pipe (Errno::EPIPE)
	from /home/runner/work/raptor/raptor/lib/raptor/response.rb:35:in 'Raptor::ResponseWriter.write'
	from /home/runner/work/raptor/raptor/lib/raptor/worker.rb:87:in 'block in Raptor::Worker#handle_client'
	from /home/runner/work/raptor/raptor/lib/raptor/worker.rb:70:in 'Kernel#loop'
	from /home/runner/work/raptor/raptor/lib/raptor/worker.rb:70:in 'Raptor::Worker#handle_client'
	from /home/runner/work/raptor/raptor/lib/raptor/worker.rb:62:in 'block in Raptor::Worker#accept_available'
	from /home/runner/work/raptor/raptor/lib/raptor/worker.rb:58:in 'Kernel#loop'
	from /home/runner/work/raptor/raptor/lib/raptor/worker.rb:58:in 'Raptor::Worker#accept_available'
	from /home/runner/work/raptor/raptor/lib/raptor/worker.rb:39:in 'block (2 levels) in Raptor::Worker#run'
	from /home/runner/work/raptor/raptor/lib/raptor/worker.rb:36:in 'Array#each'
	from /home/runner/work/raptor/raptor/lib/raptor/worker.rb:36:in 'block in Raptor::Worker#run'
	from /home/runner/work/raptor/raptor/lib/raptor/worker.rb:29:in 'Kernel#loop'
	from /home/runner/work/raptor/raptor/lib/raptor/worker.rb:29:in 'Raptor::Worker#run'
	from /home/runner/work/raptor/raptor/lib/raptor/worker.rb:14:in 'Raptor::Worker.run'
	from /home/runner/work/raptor/raptor/lib/raptor/server.rb:136:in 'block in Raptor::Server#start_worker'
/home/runner/work/raptor/raptor/lib/raptor/response.rb:39:in 'IO#write': Broken pipe (Errno::EPIPE)
	from /home/runner/work/raptor/raptor/lib/raptor/response.rb:39:in 'block in Raptor::ResponseWriter.write'
	from /home/runner/work/raptor/raptor/lib/raptor/response.rb:36:in 'Hash#each'
	from /home/runner/work/raptor/raptor/lib/raptor/response.rb:36:in 'Raptor::ResponseWriter.write'
	from /home/runner/work/raptor/raptor/lib/raptor/worker.rb:77:in 'block in Raptor::Worker#handle_client'
	from /home/runner/work/raptor/raptor/lib/raptor/worker.rb:70:in 'Kernel#loop'
	from /home/runner/work/raptor/raptor/lib/raptor/worker.rb:70:in 'Raptor::Worker#handle_client'
	from /home/runner/work/raptor/raptor/lib/raptor/worker.rb:62:in 'block in Raptor::Worker#accept_available'
	from /home/runner/work/raptor/raptor/lib/raptor/worker.rb:58:in 'Kernel#loop'
	from /home/runner/work/raptor/raptor/lib/raptor/worker.rb:58:in 'Raptor::Worker#accept_available'
	from /home/runner/work/raptor/raptor/lib/raptor/worker.rb:39:in 'block (2 levels) in Raptor::Worker#run'
	from /home/runner/work/raptor/raptor/lib/raptor/worker.rb:36:in 'Array#each'
	from /home/runner/work/raptor/raptor/lib/raptor/worker.rb:36:in 'block in Raptor::Worker#run'
	from /home/runner/work/raptor/raptor/lib/raptor/worker.rb:29:in 'Kernel#loop'
	from /home/runner/work/raptor/raptor/lib/raptor/worker.rb:29:in 'Raptor::Worker#run'
	from /home/runner/work/raptor/raptor/lib/raptor/worker.rb:14:in 'Raptor::Worker.run'
	from /home/runner/work/raptor/raptor/lib/raptor/server.rb:136:in 'block in Raptor::Server#start_worker'
#<Thread:0x0000ff8b90c48fd0 run> terminated with exception (report_on_exception is true):
/home/runner/work/raptor/raptor/lib/raptor/response.rb:35:in 'IO#write': Broken pipe (Errno::EPIPE)
	from /home/runner/work/raptor/raptor/lib/raptor/response.rb:35:in 'Raptor::ResponseWriter.write'
	from /home/runner/work/raptor/raptor/lib/raptor/worker.rb:87:in 'block in Raptor::Worker#handle_client'
	from /home/runner/work/raptor/raptor/lib/raptor/worker.rb:70:in 'Kernel#loop'
	from /home/runner/work/raptor/raptor/lib/raptor/worker.rb:70:in 'Raptor::Worker#handle_client'
	from /home/runner/work/raptor/raptor/lib/raptor/worker.rb:62:in 'block in Raptor::Worker#accept_available'
	from /home/runner/work/raptor/raptor/lib/raptor/worker.rb:58:in 'Kernel#loop'
	from /home/runner/work/raptor/raptor/lib/raptor/worker.rb:58:in 'Raptor::Worker#accept_available'
	from /home/runner/work/raptor/raptor/lib/raptor/worker.rb:39:in 'block (2 levels) in Raptor::Worker#run'
	from /home/runner/work/raptor/raptor/lib/raptor/worker.rb:36:in 'Array#each'
	from /home/runner/work/raptor/raptor/lib/raptor/worker.rb:36:in 'block in Raptor::Worker#run'
	from /home/runner/work/raptor/raptor/lib/raptor/worker.rb:29:in 'Kernel#loop'
	from /home/runner/work/raptor/raptor/lib/raptor/worker.rb:29:in 'Raptor::Worker#run'
	from /home/runner/work/raptor/raptor/lib/raptor/worker.rb:14:in 'Raptor::Worker.run'
	from /home/runner/work/raptor/raptor/lib/raptor/server.rb:136:in 'block in Raptor::Server#start_worker'
/home/runner/work/raptor/raptor/lib/raptor/response.rb:39:in 'IO#write': Broken pipe (Errno::EPIPE)
	from /home/runner/work/raptor/raptor/lib/raptor/response.rb:39:in 'block in Raptor::ResponseWriter.write'
	from /home/runner/work/raptor/raptor/lib/raptor/response.rb:36:in 'Hash#each'
	from /home/runner/work/raptor/raptor/lib/raptor/response.rb:36:in 'Raptor::ResponseWriter.write'
	from /home/runner/work/raptor/raptor/lib/raptor/worker.rb:77:in 'block in Raptor::Worker#handle_client'
	from /home/runner/work/raptor/raptor/lib/raptor/worker.rb:70:in 'Kernel#loop'
	from /home/runner/work/raptor/raptor/lib/raptor/worker.rb:70:in 'Raptor::Worker#handle_client'
	from /home/runner/work/raptor/raptor/lib/raptor/worker.rb:62:in 'block in Raptor::Worker#accept_available'
	from /home/runner/work/raptor/raptor/lib/raptor/worker.rb:58:in 'Kernel#loop'
	from /home/runner/work/raptor/raptor/lib/raptor/worker.rb:58:in 'Raptor::Worker#accept_available'
	from /home/runner/work/raptor/raptor/lib/raptor/worker.rb:39:in 'block (2 levels) in Raptor::Worker#run'
	from /home/runner/work/raptor/raptor/lib/raptor/worker.rb:36:in 'Array#each'
	from /home/runner/work/raptor/raptor/lib/raptor/worker.rb:36:in 'block in Raptor::Worker#run'
	from /home/runner/work/raptor/raptor/lib/raptor/worker.rb:29:in 'Kernel#loop'
	from /home/runner/work/raptor/raptor/lib/raptor/worker.rb:29:in 'Raptor::Worker#run'
	from /home/runner/work/raptor/raptor/lib/raptor/worker.rb:14:in 'Raptor::Worker.run'
	from /home/runner/work/raptor/raptor/lib/raptor/server.rb:136:in 'block in Raptor::Server#start_worker'
#<Thread:0x0000ff8b90c46eb0 run> terminated with exception (report_on_exception is true):
/home/runner/work/raptor/raptor/lib/raptor/response.rb:35:in 'IO#write': Broken pipe (Errno::EPIPE)
	from /home/runner/work/raptor/raptor/lib/raptor/response.rb:35:in 'Raptor::ResponseWriter.write'
	from /home/runner/work/raptor/raptor/lib/raptor/worker.rb:87:in 'block in Raptor::Worker#handle_client'
	from /home/runner/work/raptor/raptor/lib/raptor/worker.rb:70:in 'Kernel#loop'
	from /home/runner/work/raptor/raptor/lib/raptor/worker.rb:70:in 'Raptor::Worker#handle_client'
	from /home/runner/work/raptor/raptor/lib/raptor/worker.rb:62:in 'block in Raptor::Worker#accept_available'
	from /home/runner/work/raptor/raptor/lib/raptor/worker.rb:58:in 'Kernel#loop'
	from /home/runner/work/raptor/raptor/lib/raptor/worker.rb:58:in 'Raptor::Worker#accept_available'
	from /home/runner/work/raptor/raptor/lib/raptor/worker.rb:39:in 'block (2 levels) in Raptor::Worker#run'
	from /home/runner/work/raptor/raptor/lib/raptor/worker.rb:36:in 'Array#each'
	from /home/runner/work/raptor/raptor/lib/raptor/worker.rb:36:in 'block in Raptor::Worker#run'
	from /home/runner/work/raptor/raptor/lib/raptor/worker.rb:29:in 'Kernel#loop'
	from /home/runner/work/raptor/raptor/lib/raptor/worker.rb:29:in 'Raptor::Worker#run'
	from /home/runner/work/raptor/raptor/lib/raptor/worker.rb:14:in 'Raptor::Worker.run'
	from /home/runner/work/raptor/raptor/lib/raptor/server.rb:136:in 'block in Raptor::Server#start_worker'
/home/runner/work/raptor/raptor/lib/raptor/response.rb:39:in 'IO#write': Broken pipe (Errno::EPIPE)
	from /home/runner/work/raptor/raptor/lib/raptor/response.rb:39:in 'block in Raptor::ResponseWriter.write'
	from /home/runner/work/raptor/raptor/lib/raptor/response.rb:36:in 'Hash#each'
	from /home/runner/work/raptor/raptor/lib/raptor/response.rb:36:in 'Raptor::ResponseWriter.write'
	from /home/runner/work/raptor/raptor/lib/raptor/worker.rb:77:in 'block in Raptor::Worker#handle_client'
	from /home/runner/work/raptor/raptor/lib/raptor/worker.rb:70:in 'Kernel#loop'
	from /home/runner/work/raptor/raptor/lib/raptor/worker.rb:70:in 'Raptor::Worker#handle_client'
	from /home/runner/work/raptor/raptor/lib/raptor/worker.rb:62:in 'block in Raptor::Worker#accept_available'
	from /home/runner/work/raptor/raptor/lib/raptor/worker.rb:58:in 'Kernel#loop'
	from /home/runner/work/raptor/raptor/lib/raptor/worker.rb:58:in 'Raptor::Worker#accept_available'
	from /home/runner/work/raptor/raptor/lib/raptor/worker.rb:39:in 'block (2 levels) in Raptor::Worker#run'
	from /home/runner/work/raptor/raptor/lib/raptor/worker.rb:36:in 'Array#each'
	from /home/runner/work/raptor/raptor/lib/raptor/worker.rb:36:in 'block in Raptor::Worker#run'
	from /home/runner/work/raptor/raptor/lib/raptor/worker.rb:29:in 'Kernel#loop'
	from /home/runner/work/raptor/raptor/lib/raptor/worker.rb:29:in 'Raptor::Worker#run'
	from /home/runner/work/raptor/raptor/lib/raptor/worker.rb:14:in 'Raptor::Worker.run'
	from /home/runner/work/raptor/raptor/lib/raptor/server.rb:136:in 'block in Raptor::Server#start_worker'
